17:30:43.834         sip_endpoint.c !.Module "mod-pjsua-log" registered
17:30:43.834         sip_endpoint.c  .Module "mod-tsx-layer" registered
17:30:43.834         sip_endpoint.c  .Module "mod-stateful-util" registered
17:30:43.834         sip_endpoint.c  .Module "mod-ua" registered
17:30:43.834         sip_endpoint.c  .Module "mod-100rel" registered
17:30:43.834         sip_endpoint.c  .Module "mod-pjsua" registered
17:30:43.834         sip_endpoint.c  .Module "mod-invite" registered
17:30:43.846             wmme_dev.c  ..WMME found 6 devices:
17:30:43.846             wmme_dev.c  .. dev_id 0: Wave mapper  (in=2, out=2)
17:30:43.846             wmme_dev.c  .. dev_id 1: CABLE Output (VB-Audio Virtual   (in=2, out=0)
17:30:43.846             wmme_dev.c  .. dev_id 2: 立體聲混音 (Realtek(R) Audio)  (in=2, out=0)
17:30:43.846             wmme_dev.c  .. dev_id 3: CABLE Input (VB-Audio Virtual C  (in=0, out=2)
17:30:43.846             wmme_dev.c  .. dev_id 4: 喇叭 (Realtek(R) Audio)  (in=0, out=2)
17:30:43.846             wmme_dev.c  .. dev_id 5: CABLE In 16ch (VB-Audio Virtual  (in=0, out=2)
17:30:43.846             wmme_dev.c  ..WMME initialized
17:30:43.846                  pjlib  ..select() I/O Queue created (000002624CDD51D8)
17:30:43.846           conference.c  ..Creating conference bridge with 254 ports
17:30:43.846           Master/sound  ..Using delay buffer with WSOLA.
17:30:43.850            pjsua_vid.c  ..Initializing video subsystem..
17:30:43.850             vid_conf.c  ...Created video conference bridge with 32 ports
17:30:43.850         colorbar_dev.c  ...Colorbar video src initialized with 2 device(s):
17:30:43.850         colorbar_dev.c  ... 0: Colorbar generator
17:30:43.850         colorbar_dev.c  ... 1: Colorbar-active
17:30:43.850             null_dev.c  ...Null video initialized with 2 device(s):
17:30:43.850             null_dev.c  ... 0: Null capture
17:30:43.850             null_dev.c  ... 1: Null renderer
17:30:43.850         sip_endpoint.c  .Module "mod-evsub" registered
17:30:43.850         sip_endpoint.c  .Module "mod-presence" registered
17:30:43.850                evsub.c  .Event pkg "presence" registered by mod-presence
17:30:43.850         sip_endpoint.c  .Module "mod-dlg_even" registered
17:30:43.850                evsub.c  .Event pkg "dialog" registered by mod-dlg_even
17:30:43.850         sip_endpoint.c  .Module "mod-mwi" registered
17:30:43.850                evsub.c  .Event pkg "message-summary" registered by mod-mwi
17:30:43.850         sip_endpoint.c  .Module "mod-refer" registered
17:30:43.850                evsub.c  .Event pkg "refer" registered by mod-refer
17:30:43.850         sip_endpoint.c  .Module "mod-pjsua-pres" registered
17:30:43.850         sip_endpoint.c  .Module "mod-unsolicited-mwi" registered
17:30:43.850         sip_endpoint.c  .Module "mod-pjsua-im" registered
17:30:43.850         sip_endpoint.c  .Module "mod-pjsua-options" registered
17:30:43.850           pjsua_core.c  .1 SIP worker threads created
17:30:43.850           pjsua_core.c  .pjsua version 2.17-dev for win32-6.2/x86_64/msvc-19.5.1 initialized
17:30:43.850           pjsua_core.c  .PJSUA state changed: CREATED --> INIT
17:30:43.850         sip_endpoint.c  Module "mod-default-handler" registered
17:30:43.850            pjsua_aud.c  Creating file player: C:\Users\user\Desktop\ip_speaker\logs\_pjsua_volume_right_reg_120_192_168_6_120_5060.wav..
17:30:43.856           wav_player.c  .File player 'C:\Users\user\Desktop\ip_speaker\logs\_pjsua_volume_right_reg_120_192_168_6_120_5060.wav' created: samp.rate=8000, ch=1, bufsize=4KB, filesize=70KB
17:30:43.856           conference.c  ..Add port 1 (C:\Users\user\Desktop\ip_speaker\logs\_pjsua_volume_right_reg_120_192_168_6_120_5060.wav) queued
17:30:43.856            pjsua_aud.c  .Player created, id=0, slot=1
17:30:43.856           conference.c  .Add port 2 (ringback) queued
17:30:43.856           conference.c  .Add port 3 (ring) queued
17:30:43.856           pjsua_core.c  SIP UDP socket reachable at 140.124.42.67:64882
17:30:43.856    udp000002624EAC07C0  SIP UDP transport started, published address is 140.124.42.67:64882
17:30:43.856            pjsua_acc.c  Adding account: id=<sip:140.124.42.67:64882>
17:30:43.856            pjsua_acc.c  .Account <sip:140.124.42.67:64882> added with id 0
17:30:43.856            pjsua_acc.c  Modifying account 0
17:30:43.856            pjsua_acc.c  Acc 0: setting online status to 1..
17:30:43.856            pjsua_acc.c  Adding account: id=sip:140.124.42.67
17:30:43.856            pjsua_acc.c  .Account sip:140.124.42.67 added with id 1
17:30:43.856            pjsua_acc.c  Acc 1: setting online status to 1..
17:30:43.856           pjsua_pres.c  Adding buddy: sip:120@192.168.6.120:5060
17:30:43.856           pjsua_pres.c  .Buddy 0 added.
17:30:43.856            pjsua_aud.c  Setting null sound device..
17:30:43.856            pjsua_app.c  .Turning sound device -99 -99 ON
17:30:43.856            pjsua_aud.c  .Opening null sound device..
17:30:43.856           pjsua_core.c  PJSUA state changed: INIT --> STARTING
17:30:43.856           pjsua_core.c  .PJSUA state changed: STARTING --> RUNNING
17:30:43.856                 main.c  Ready: Success
17:30:43.856           pjsua_call.c  Making call with acc #1 to sip:120@192.168.6.120:5060
17:30:43.856    dlg000002624EACD3F0  .UAC dialog created
17:30:43.856    dlg000002624EACD3F0  ..Session count inc to 2 by mod-pjsua
17:30:43.856          pjsua_media.c  .Call 0: initializing media..
17:30:43.856          pjsua_media.c  ..RTP socket reachable at 140.124.42.67:4004
17:30:43.856          pjsua_media.c  ..RTCP socket reachable at 140.124.42.67:4005
17:30:43.856   srtp000002624EAB95C0  ..SRTP keying SDES created
17:30:43.856   srtp000002624EAB95C0  ..SRTP transport created
17:30:43.856          pjsua_media.c  ..Media index 0 selected for audio call 0
17:30:43.856          pjsua_media.c  ..Call 0: media transport initialization complete: Success
17:30:43.856    udp000002624EAC2290  ..UDP media transport created
17:30:43.856    dlg000002624EACD3F0  ..Session count dec to 2 by mod-pjsua
17:30:43.856    dlg000002624EACD3F0  .Module mod-invite added as dialog usage, data=000002624CD8B648
17:30:43.856    dlg000002624EACD3F0  ..Session count inc to 4 by mod-invite
17:30:43.856    dlg000002624EACD3F0  .Module mod-100rel added as dialog usage, data=000002624CD89A98
17:30:43.856    dlg000002624EACD3F0  .100rel module attached
17:30:43.856    inv000002624EACD3F0  .UAC invite session created for dialog dlg000002624EACD3F0
17:30:43.856             sip_util.c  .Request msg INVITE/cseq=6204 (tdta000002624EAD23A0) created.
17:30:43.856    inv000002624EACD3F0  ..Sending Request msg INVITE/cseq=6204 (tdta000002624EAD23A0)
17:30:43.856    dlg000002624EACD3F0  ...Sending Request msg INVITE/cseq=6204 (tdta000002624EAD23A0)
17:30:43.856    tsx000002624EAD33B0  ....Transaction created for Request msg INVITE/cseq=6204 (tdta000002624EAD23A0)
17:30:43.856    tsx000002624EAD33B0  ...Sending Request msg INVITE/cseq=6204 (tdta000002624EAD23A0) in state Null
17:30:43.856          sip_resolve.c  ....Target '192.168.6.120:5060' type=Unspecified resolved to '192.168.6.120:5060' type=UDP (UDP transport)
17:30:43.856             sip_util.c  ....Resorting target addresses based on IPv4 preference
17:30:43.856           pjsua_core.c  ....TX 1005 bytes Request msg INVITE/cseq=6204 (tdta000002624EAD23A0) to UDP 192.168.6.120:5060:
INVITE sip:120@192.168.6.120:5060 SIP/2.0
Via: SIP/2.0/UDP 140.124.42.67:64882;rport;branch=z9hG4bKPj478e4f3e273d4b11afbc978d03759acb
Max-Forwards: 70
From: sip:140.124.42.67;tag=df4b9c1c878945aaa0f67e6cdcd0179b
To: sip:120@192.168.6.120
Contact: <sip:140.124.42.67:64882>;ob
Call-ID: 8f6b2bae24854ee8946a3b784308b81c
CSeq: 6204 INVITE
Allow: PRACK, INVITE, ACK, BYE, CANCEL, UPDATE, INFO, SUBSCRIBE, NOTIFY, REFER, MESSAGE, OPTIONS
Supported: replaces, 100rel, timer, norefersub
Session-Expires: 1800
Min-SE: 90
User-Agent: PJSUA/v2.17-dev win32-6.2 x86_64 msvc-19.5.1
Content-Type: application/sdp
Content-Length:   366

v=0
o=- 3993211843 3993211843 IN IP4 140.124.42.67
s=pjmedia
b=AS:84
t=0 0
a=X-nat:0
m=audio 4004 RTP/AVP 0 8 9 120
c=IN IP4 140.124.42.67
b=TIAS:64000
a=rtcp:4005 IN IP4 140.124.42.67
a=sendrecv
a=rtpmap:0 PCMU/8000
a=rtpmap:8 PCMA/8000
a=rtpmap:9 G722/8000
a=rtpmap:120 telephone-event/8000
a=fmtp:120 0-16
a=ssrc:561060434 cname:404a3478793e52af

--end msg--
17:30:43.856    udp000002624EAC07C0  ....Request msg INVITE/cseq=6204 (tdta000002624EAD23A0) sent successfully
17:30:43.856    tsx000002624EAD33B0  ....State changed from Null to Calling, event=TX_MSG
17:30:43.856    dlg000002624EACD3F0  .....Transaction tsx000002624EAD33B0 state changed to Calling
17:30:43.856    inv000002624EACD3F0  ......State changed from NULL to CALLING, event=TSX_STATE
17:30:43.856            pjsua_app.c  .......Call 0 state changed to CALLING
17:30:43.884           conference.c !.Added port 1 (C:\Users\user\Desktop\ip_speaker\logs\_pjsua_volume_right_reg_120_192_168_6_120_5060.wav), port count=2
17:30:43.884           conference.c  .Added port 2 (ringback), port count=3
17:30:43.884           conference.c  .Added port 3 (ring), port count=4
17:30:43.901         sip_endpoint.c !Processing incoming message: Response msg 100/INVITE/cseq=6204 (rdata000002624EAC9C68)
17:30:43.901           pjsua_core.c  .RX 316 bytes Response msg 100/INVITE/cseq=6204 (rdata000002624EAC9C68) from UDP 192.168.6.120:5060:
SIP/2.0 100 Trying
Via: SIP/2.0/UDP 140.124.42.67:64882;rport=64882;received=192.168.6.1;branch=z9hG4bKPj478e4f3e273d4b11afbc978d03759acb
From: <sip:140.124.42.67>;tag=df4b9c1c878945aaa0f67e6cdcd0179b
To: <sip:120@192.168.6.120>
Call-ID: 8f6b2bae24854ee8946a3b784308b81c
CSeq: 6204 INVITE
Content-Length: 0


--end msg--
17:30:43.901    tsx000002624EAD33B0  .Incoming Response msg 100/INVITE/cseq=6204 (rdata000002624EAC9C68) in state Calling
17:30:43.901    tsx000002624EAD33B0  ..State changed from Calling to Proceeding, event=RX_MSG
17:30:43.901    dlg000002624EACD3F0  ...Received Response msg 100/INVITE/cseq=6204 (rdata000002624EAC9C68)
17:30:43.901    dlg000002624EACD3F0  ...Transaction tsx000002624EAD33B0 state changed to Proceeding
17:30:43.979         sip_endpoint.c  Processing incoming message: Response msg 180/INVITE/cseq=6204 (rdata000002624EAC9C68)
17:30:43.979           pjsua_core.c  .RX 369 bytes Response msg 180/INVITE/cseq=6204 (rdata000002624EAC9C68) from UDP 192.168.6.120:5060:
SIP/2.0 180 Ringing
Via: SIP/2.0/UDP 140.124.42.67:64882;rport=64882;received=192.168.6.1;branch=z9hG4bKPj478e4f3e273d4b11afbc978d03759acb
From: <sip:140.124.42.67>;tag=df4b9c1c878945aaa0f67e6cdcd0179b
To: <sip:120@192.168.6.120>;tag=392377d3
Call-ID: 8f6b2bae24854ee8946a3b784308b81c
Contact: <sip:120@192.168.6.120:5060>
CSeq: 6204 INVITE
Content-Length: 0


--end msg--
17:30:43.979    tsx000002624EAD33B0  .Incoming Response msg 180/INVITE/cseq=6204 (rdata000002624EAC9C68) in state Proceeding
17:30:43.979    tsx000002624EAD33B0  ..State changed from Proceeding to Proceeding, event=RX_MSG
17:30:43.979    dlg000002624EACD3F0  ...Received Response msg 180/INVITE/cseq=6204 (rdata000002624EAC9C68)
17:30:43.979    dlg000002624EACD3F0  ....Route-set updated
17:30:43.979    dlg000002624EACD3F0  ...Transaction tsx000002624EAD33B0 state changed to Proceeding
17:30:43.979    inv000002624EACD3F0  ....State changed from CALLING to EARLY, event=TSX_STATE
17:30:43.979            pjsua_aud.c  .....Conf connect: 2 --> 0
17:30:43.979           conference.c  .......Connect ports 2->0 requested
17:30:43.979           conference.c  .......Connect ports 2->0 queued
17:30:43.979            pjsua_app.c  .....Call 0 state changed to EARLY (180 Ringing)
17:30:43.980           conference.c !.Port 2 (ringback) transmitting to port 0 (Master/sound)
17:30:44.502         sip_endpoint.c !Processing incoming message: Response msg 200/INVITE/cseq=6204 (rdata000002624EAC9C68)
17:30:44.502           pjsua_core.c  .RX 741 bytes Response msg 200/INVITE/cseq=6204 (rdata000002624EAC9C68) from UDP 192.168.6.120:5060:
SIP/2.0 200 OK
Via: SIP/2.0/UDP 140.124.42.67:64882;rport=64882;received=192.168.6.1;branch=z9hG4bKPj478e4f3e273d4b11afbc978d03759acb
From: <sip:140.124.42.67>;tag=df4b9c1c878945aaa0f67e6cdcd0179b
To: <sip:120@192.168.6.120>;tag=392377d3
Call-ID: 8f6b2bae24854ee8946a3b784308b81c
Contact: <sip:120@192.168.6.120:5060>
CSeq: 6204 INVITE
Allow: INVITE,CANCEL,ACK,BYE,NOTIFY,REFER,OPTIONS,INFO,MESSAGE,UPDATE
Supported: replaces,timer
Session-Expires: 1800;refresher=uac
Content-Type: application/sdp
User-Agent: IPSPK-v1.306
Content-Length: 183

v=0
o=CMI-SIPUA 59569 0 IN IP4 192.168.6.120
s=SIP CALL
c=IN IP4 192.168.6.120
t=0 0
m=audio 20000 RTP/AVP 0 101
a=rtpmap:101 telephone-event/8000
a=fmtp:101 0-15
a=sendrecv

--end msg--
17:30:44.502    tsx000002624EAD33B0  .Incoming Response msg 200/INVITE/cseq=6204 (rdata000002624EAC9C68) in state Proceeding
17:30:44.502    tsx000002624EAD33B0  ..State changed from Proceeding to Terminated, event=RX_MSG
17:30:44.502    dlg000002624EACD3F0  ...Received Response msg 200/INVITE/cseq=6204 (rdata000002624EAC9C68)
17:30:44.502    dlg000002624EACD3F0  ....Route-set updated
17:30:44.502    dlg000002624EACD3F0  ....Route-set frozen
17:30:44.502    dlg000002624EACD3F0  ...Transaction tsx000002624EAD33B0 state changed to Terminated
17:30:44.502    inv000002624EACD3F0  ....State changed from EARLY to CONNECTING, event=TSX_STATE
17:30:44.502            pjsua_app.c  .....Call 0 state changed to CONNECTING
17:30:44.502    inv000002624EACD3F0  ....Got SDP answer in Response msg 200/INVITE/cseq=6204 (rdata000002624EAC9C68)
17:30:44.502    inv000002624EACD3F0  ....SDP negotiation done: Success
17:30:44.502           pjsua_call.c  .....Call 0: remote NAT type is 0 (Unknown)
17:30:44.502          pjsua_media.c  .....Call 0: updating media..
17:30:44.502          pjsua_media.c  .......Media stream call00:0 is destroyed
17:30:44.502    udp000002624EAC2290  ......UDP media transport started
17:30:44.502            pjsua_aud.c  ......Audio channel update for index 0 for call 0...
17:30:44.502   strm000002624EAD9638  .......Jitter buffer reset
17:30:44.502                  rtp.c  .......pjmedia_rtp_session_init: ses=000002624EADC9C4, default_pt=0, ssrc=0x21711a52
17:30:44.502                  rtp.c  .......pjmedia_rtp_session_init2: ses=000002624EADC9C4, seq=15724, ts=2926761516, peer_ssrc=0
17:30:44.502                  rtp.c  .......pjmedia_rtp_session_init: ses=000002624EADD05C, default_pt=0, ssrc=0x21711a52
17:30:44.502                  rtp.c  .......pjmedia_rtp_session_init2: ses=000002624EADD05C, seq=24464, ts=4050471190, peer_ssrc=0
17:30:44.502    udp000002624EAC2290  .......SO_RCVBUF set to 65536
17:30:44.502    udp000002624EAC2290  .......SO_SNDBUF set to 65536
17:30:44.502    udp000002624EAC2290  .......UDP media transport attached
17:30:44.502               stream.c  .......Stream strm000002624EAD9638 created
17:30:44.502   strm000002624EAD9638  .......Encoder stream started
17:30:44.502   strm000002624EAD9638  .......Decoder stream started
17:30:44.502           conference.c  ........Add port 4 (sip:120@192.168.6.120:5060) queued
17:30:44.502          pjsua_media.c  ......audio updated, stream #0: PCMU (sendrecv)
17:30:44.502            pjsua_app.c  .....Call 0 media 0 [type=audio], status is Active
17:30:44.502            pjsua_aud.c  .....Conf disconnect: 2 -x- 0
17:30:44.502           conference.c  .......Disconnect ports 2->0 requested
17:30:44.502           conference.c  .......Disconnect ports 2->0 queued
17:30:44.502            pjsua_aud.c  .....Conf connect: 1 --> 4
17:30:44.502           conference.c  .......Connect ports 1->4 requested
17:30:44.502           conference.c  .......Connect ports 1->4 queued
17:30:44.502    inv000002624EACD3F0  ....Received Response msg 200/INVITE/cseq=6204 (rdata000002624EAC9C68), sending ACK
17:30:44.502             sip_util.c  ....Request msg ACK/cseq=6204 (tdta000002624EADE530) created.
17:30:44.502    dlg000002624EACD3F0  .....Sending Request msg ACK/cseq=6204 (tdta000002624EADE530)
17:30:44.502          sip_resolve.c  .....Target '192.168.6.120:5060' type=Unspecified resolved to '192.168.6.120:5060' type=UDP (UDP transport)
17:30:44.502             sip_util.c  .....Resorting target addresses based on IPv4 preference
17:30:44.502           pjsua_core.c  .....TX 334 bytes Request msg ACK/cseq=6204 (tdta000002624EADE530) to UDP 192.168.6.120:5060:
ACK sip:120@192.168.6.120:5060 SIP/2.0
Via: SIP/2.0/UDP 140.124.42.67:64882;rport;branch=z9hG4bKPjc2ed59ba074d4f5e8795d56dc60417a4
Max-Forwards: 70
From: sip:140.124.42.67;tag=df4b9c1c878945aaa0f67e6cdcd0179b
To: sip:120@192.168.6.120;tag=392377d3
Call-ID: 8f6b2bae24854ee8946a3b784308b81c
CSeq: 6204 ACK
Content-Length:  0


--end msg--
17:30:44.502    udp000002624EAC07C0  .....Request msg ACK/cseq=6204 (tdta000002624EADE530) sent successfully
17:30:44.502    inv000002624EACD3F0  ....State changed from CONNECTING to CONFIRMED, event=TX_MSG
17:30:44.502            pjsua_app.c  .....Call 0 state changed to CONFIRMED
17:30:44.502    tsx000002624EAD33B0  Timeout timer event
17:30:44.502    tsx000002624EAD33B0  .State changed from Terminated to Destroyed, event=TIMER
17:30:44.502    tsx000002624EAD33B0  Transaction destroyed!
17:30:44.518           conference.c !.Added port 4 (sip:120@192.168.6.120:5060), port count=5
17:30:44.518           conference.c  .Port 2 (ringback) stop transmitting to port 0 (Master/sound)
17:30:44.518           conference.c  .Port 1 (C:\Users\user\Desktop\ip_speaker\logs\_pjsua_volume_right_reg_120_192_168_6_120_5060.wav) transmitting to port 4 (sip:120@192.168.6.120:5060)
17:30:44.518   strm000002624EAD9638  Starting talksprut..
17:30:44.518   strm000002624EAD9638 !RTP status: badpt=0, badssrc=0, dup=0, outorder=0, probation=-1, restart=0
17:30:44.518    udp000002624EAC2290  Remote RTP address switched to 140.124.44.229:20000
17:30:44.518    udp000002624EAC2290  Remote RTCP address switched to predicted address 140.124.44.229:20001
17:30:44.518   strm000002624EAD9638  RTP status: badpt=0, badssrc=0, dup=0, outorder=0, probation=-1, restart=0
17:30:48.924           wav_player.c !File port C:\Users\user\Desktop\ip_speaker\logs\_pjsua_volume_right_reg_120_192_168_6_120_5060.wav EOF
17:30:48.940           wav_player.c  File port C:\Users\user\Desktop\ip_speaker\logs\_pjsua_volume_right_reg_120_192_168_6_120_5060.wav EOF
17:30:48.970           wav_player.c  File port C:\Users\user\Desktop\ip_speaker\logs\_pjsua_volume_right_reg_120_192_168_6_120_5060.wav EOF
17:30:48.985           wav_player.c  File port C:\Users\user\Desktop\ip_speaker\logs\_pjsua_volume_right_reg_120_192_168_6_120_5060.wav EOF
17:30:49.000           wav_player.c  File port C:\Users\user\Desktop\ip_speaker\logs\_pjsua_volume_right_reg_120_192_168_6_120_5060.wav EOF
17:30:49.031           wav_player.c  File port C:\Users\user\Desktop\ip_speaker\logs\_pjsua_volume_right_reg_120_192_168_6_120_5060.wav EOF
17:30:49.046           wav_player.c  File port C:\Users\user\Desktop\ip_speaker\logs\_pjsua_volume_right_reg_120_192_168_6_120_5060.wav EOF
17:30:49.061           wav_player.c  File port C:\Users\user\Desktop\ip_speaker\logs\_pjsua_volume_right_reg_120_192_168_6_120_5060.wav EOF
17:30:49.077           wav_player.c  File port C:\Users\user\Desktop\ip_speaker\logs\_pjsua_volume_right_reg_120_192_168_6_120_5060.wav EOF
17:30:49.108           wav_player.c  File port C:\Users\user\Desktop\ip_speaker\logs\_pjsua_volume_right_reg_120_192_168_6_120_5060.wav EOF
17:30:49.124           wav_player.c  File port C:\Users\user\Desktop\ip_speaker\logs\_pjsua_volume_right_reg_120_192_168_6_120_5060.wav EOF
17:30:49.139           pjsua_call.c !Hangup all calls..
17:30:49.139           wav_player.c !File port C:\Users\user\Desktop\ip_speaker\logs\_pjsua_volume_right_reg_120_192_168_6_120_5060.wav EOF
17:30:49.139           pjsua_call.c !.Call 0 hanging up: code=0..
17:30:49.139          pjsua_media.c  ..Call 0: deinitializing media..
17:30:49.139          pjsua_media.c  ...
  [CONFIRMED] To: sip:120@192.168.6.120;tag=392377d3
    Call time: 00h:00m:04s, 1st res in 123 ms, conn in 646ms
    #0 audio PCMU @8kHz, sendrecv, peer=140.124.44.229:20000
       SRTP status: Not active Crypto-suite: 
       RX pt=0, last update:00h:00m:04.430s ago
          total 233pkt 37.2KB (46.6KB +IP hdr) @avg=64.3Kbps/80.3Kbps
          pkt loss=0 (0.0%), discrd=0 (0.0%), dup=0 (0.0%), reord=0 (0.0%)
                (msec)    min     avg     max     last    dev
          loss period:   0.000   0.000   0.000   0.000   0.000
          jitter     :   0.250   1.097   2.750   2.750   0.531
       TX pt=0, ptime=20, last update:never
          total 232pkt 37.1KB (46.4KB +IP hdr) @avg=64.0Kbps/80.0Kbps
          pkt loss=0 (0.0%), dup=0 (0.0%), reorder=0 (0.0%)
                (msec)    min     avg     max     last    dev 
          loss period:   0.000   0.000   0.000   0.000   0.000
          jitter     :   0.000   0.000   0.000   0.000   0.000
       RTT msec      :   0.000   0.000   0.000   0.000   0.000
17:30:49.139           conference.c  .....Remove port 4 requested
17:30:49.139           conference.c  .....Remove port 4 queued
17:30:49.139   strm000002624EAD9638  ....Stream destroying
17:30:49.139    udp000002624EAC2290  ....UDP media transport detached
17:30:49.139          pjsua_media.c  ....Media stream call00:0 is destroyed
17:30:49.139    udp000002624EAC2290  ...UDP media transport already stopped
17:30:49.139   srtp000002624EAB95C0  ...Destroying SRTP transport
17:30:49.139    udp000002624EAC2290  ...UDP media transport destroying
17:30:49.139            pjsua_app.c  ..Call 0 is DISCONNECTED [reason=200 (OK)]
17:30:49.139             sip_util.c  ...Request msg BYE/cseq=6205 (tdta000002624EAE1490) created.
17:30:49.139    inv000002624EACD3F0  ...Sending Request msg BYE/cseq=6205 (tdta000002624EAE1490)
17:30:49.139    dlg000002624EACD3F0  ....Sending Request msg BYE/cseq=6205 (tdta000002624EAE1490)
17:30:49.139    tsx000002624EAE24A0  .....Transaction created for Request msg BYE/cseq=6205 (tdta000002624EAE1490)
17:30:49.139    tsx000002624EAE24A0  ....Sending Request msg BYE/cseq=6205 (tdta000002624EAE1490) in state Null
17:30:49.139          sip_resolve.c  .....Target '192.168.6.120:5060' type=Unspecified resolved to '192.168.6.120:5060' type=UDP (UDP transport)
17:30:49.139             sip_util.c  .....Resorting target addresses based on IPv4 preference
17:30:49.139           pjsua_core.c  .....TX 392 bytes Request msg BYE/cseq=6205 (tdta000002624EAE1490) to UDP 192.168.6.120:5060:
BYE sip:120@192.168.6.120:5060 SIP/2.0
Via: SIP/2.0/UDP 140.124.42.67:64882;rport;branch=z9hG4bKPj9e6715258386476c89544f654964d784
Max-Forwards: 70
From: sip:140.124.42.67;tag=df4b9c1c878945aaa0f67e6cdcd0179b
To: sip:120@192.168.6.120;tag=392377d3
Call-ID: 8f6b2bae24854ee8946a3b784308b81c
CSeq: 6205 BYE
User-Agent: PJSUA/v2.17-dev win32-6.2 x86_64 msvc-19.5.1
Content-Length:  0


--end msg--
17:30:49.139    udp000002624EAC07C0  .....Request msg BYE/cseq=6205 (tdta000002624EAE1490) sent successfully
17:30:49.139    tsx000002624EAE24A0  .....State changed from Null to Calling, event=TX_MSG
17:30:49.139    dlg000002624EACD3F0  ......Transaction tsx000002624EAE24A0 state changed to Calling
17:30:49.152           conference.c !.Remove port 2 requested
17:30:49.152           conference.c  .Remove port 2 queued
17:30:49.152           conference.c  .Remove port 3 requested
17:30:49.152           conference.c  .Remove port 3 queued
17:30:49.152            pjsua_aud.c  Destroying player 0..
17:30:49.152           conference.c  ..Remove port 1 requested
17:30:49.152           conference.c  ..Remove port 1 queued
17:30:49.152           pjsua_core.c  Shutting down, flags=0...
17:30:49.152           pjsua_core.c  PJSUA state changed: RUNNING --> CLOSING
17:30:49.154           pjsua_call.c  .Hangup all calls..
17:30:49.154           pjsua_call.c  ..Call 0 hanging up: code=0..
17:30:49.154           pjsua_call.c  ...Call 0 hangup request ignored as it is on progress
17:30:49.154           pjsua_pres.c  .Shutting down presence..
17:30:49.170           conference.c !.Stop any transmission to port 4 (sip:120@192.168.6.120:5060)
17:30:49.170           conference.c  .Port 1 (C:\Users\user\Desktop\ip_speaker\logs\_pjsua_volume_right_reg_120_192_168_6_120_5060.wav) stop transmitting to port 4 (sip:120@192.168.6.120:5060)
17:30:49.170           conference.c  .Stop any transmission from port 4 (sip:120@192.168.6.120:5060)
17:30:49.170           conference.c  .Removing port 4 (sip:120@192.168.6.120:5060)
17:30:49.170           conference.c  .Removed port 4, port count=4
17:30:49.170    udp000002624EAC2290  .UDP media transport destroyed
17:30:49.170   srtp000002624EAB95C0  .SRTP transport destroyed
17:30:49.170   strm000002624EAD9638  .JB summary:
  size=50/eff=50 prefetch=0 level=0
  delay (min/max/avg/dev)=0/0/0/0 ms
  burst (min/max/avg/dev)=0/0/0/0 frames
  lost=0 discard=416 empty=0
17:30:49.170   strm000002624EAD9638  .Stream destroyed
17:30:49.170           conference.c  .Stop any transmission to port 2 (ringback)
17:30:49.170           conference.c  .Stop any transmission from port 2 (ringback)
17:30:49.170           conference.c  .Removing port 2 (ringback)
17:30:49.170           conference.c  .Removed port 2, port count=3
17:30:49.170           conference.c  .Stop any transmission to port 3 (ring)
17:30:49.170           conference.c  .Stop any transmission from port 3 (ring)
17:30:49.170           conference.c  .Removing port 3 (ring)
17:30:49.170           conference.c  .Removed port 3, port count=2
17:30:49.170           conference.c  .Stop any transmission to port 1 (C:\Users\user\Desktop\ip_speaker\logs\_pjsua_volume_right_reg_120_192_168_6_120_5060.wav)
17:30:49.170           conference.c  .Stop any transmission from port 1 (C:\Users\user\Desktop\ip_speaker\logs\_pjsua_volume_right_reg_120_192_168_6_120_5060.wav)
17:30:49.170           conference.c  .Removing port 1 (C:\Users\user\Desktop\ip_speaker\logs\_pjsua_volume_right_reg_120_192_168_6_120_5060.wav)
17:30:49.170           conference.c  .Removed port 1, port count=1
17:30:49.177         sip_endpoint.c !.Processing incoming message: Response msg 200/BYE/cseq=6205 (rdata000002624EAC9C68)
17:30:49.177           pjsua_core.c  ..RX 322 bytes Response msg 200/BYE/cseq=6205 (rdata000002624EAC9C68) from UDP 192.168.6.120:5060:
SIP/2.0 200 OK
Via: SIP/2.0/UDP 140.124.42.67:64882;rport=64882;received=192.168.6.1;branch=z9hG4bKPj9e6715258386476c89544f654964d784
From: <sip:140.124.42.67>;tag=df4b9c1c878945aaa0f67e6cdcd0179b
To: <sip:120@192.168.6.120>;tag=392377d3
Call-ID: 8f6b2bae24854ee8946a3b784308b81c
CSeq: 6205 BYE
Content-Length: 0


--end msg--
17:30:49.177    tsx000002624EAE24A0  ..Incoming Response msg 200/BYE/cseq=6205 (rdata000002624EAC9C68) in state Calling
17:30:49.177    tsx000002624EAE24A0  ...State changed from Calling to Completed, event=RX_MSG
17:30:49.177    dlg000002624EACD3F0  ....Received Response msg 200/BYE/cseq=6205 (rdata000002624EAC9C68)
17:30:49.177    dlg000002624EACD3F0  ....Transaction tsx000002624EAE24A0 state changed to Completed
17:30:49.177    inv000002624EACD3F0  .....State changed from CONFIRMED to DISCONNECTED, event=TSX_STATE
17:30:49.177   tdta000002624EADE530  .....Destroying txdata Request msg ACK/cseq=6204 (tdta000002624EADE530)
17:30:49.177   tdta000002624EAD23A0  .....Destroying txdata Request msg INVITE/cseq=6204 (tdta000002624EAD23A0)
17:30:49.177    dlg000002624EACD3F0  ......Session count dec to 1 by mod-invite
17:30:50.144            pjsua_aud.c  .Closing sound device after idle for 1 second(s)
17:30:50.144            pjsua_app.c  ..Turning sound device -99 -99 OFF
17:30:50.144            pjsua_aud.c  ..Closing null sound device..
17:30:50.190           pjsua_core.c  .Destroying...
17:30:50.190        sip_transport.c  .Transport udp000002624EAC07C0 shutting down, force=0
17:30:50.190          pjsua_media.c  .Shutting down media..
17:30:50.206           conference.c  ..Audio conference bridge destroy requested
17:30:50.206           conference.c  ...Stop any transmission to port 0 (Master/sound)
17:30:50.206           conference.c  ...Stop any transmission from port 0 (Master/sound)
17:30:50.206           conference.c  ...Removing port 0 (Master/sound)
17:30:50.206           conference.c  ...Removed port 0, port count=0
17:30:50.206           conference.c  ..Audio conference bridge destroyed
17:30:50.206            pjsua_vid.c  ..Destroying video subsystem..
17:30:50.206            pjsua_vid.c  ...Window 0: destroying..
17:30:50.206            pjsua_vid.c  ...Window 1: destroying..
17:30:50.206            pjsua_vid.c  ...Window 2: destroying..
17:30:50.206            pjsua_vid.c  ...Window 3: destroying..
17:30:50.206            pjsua_vid.c  ...Window 4: destroying..
17:30:50.206            pjsua_vid.c  ...Window 5: destroying..
17:30:50.206            pjsua_vid.c  ...Window 6: destroying..
17:30:50.206            pjsua_vid.c  ...Window 7: destroying..
17:30:50.206            pjsua_vid.c  ...Window 8: destroying..
17:30:50.206            pjsua_vid.c  ...Window 9: destroying..
17:30:50.206            pjsua_vid.c  ...Window 10: destroying..
17:30:50.206            pjsua_vid.c  ...Window 11: destroying..
17:30:50.206            pjsua_vid.c  ...Window 12: destroying..
17:30:50.206            pjsua_vid.c  ...Window 13: destroying..
17:30:50.206            pjsua_vid.c  ...Window 14: destroying..
17:30:50.206            pjsua_vid.c  ...Window 15: destroying..
17:30:50.206             vid_conf.c  ...Video conference bridge destroy requested
17:30:50.206             vid_conf.c  ...Video conference bridge destroyed
17:30:50.206         sip_endpoint.c  .Destroying endpoint instance..
17:30:50.206      sip_transaction.c  .Stopping transaction layer module
17:30:50.206    tsx000002624EAE24A0  .Request to terminate transaction
17:30:50.206    tsx000002624EAE24A0  ..State changed from Completed to Terminated, event=USER
17:30:50.206    dlg000002624EACD3F0  ...Transaction tsx000002624EAE24A0 state changed to Terminated
17:30:50.206   tdta000002624EAE1490  .Destroying txdata Request msg BYE/cseq=6205 (tdta000002624EAE1490)
17:30:50.206    tsx000002624EAE24A0  .Transaction destroyed!
17:30:50.206    dlg000002624EACD3F0  .Dialog destroyed!
17:30:50.206      sip_transaction.c  .Stopped transaction layer module
17:30:50.206         sip_endpoint.c  .Module "mod-default-handler" unregistered
17:30:50.206         sip_endpoint.c  .Module "mod-pjsua-options" unregistered
17:30:50.206         sip_endpoint.c  .Module "mod-pjsua-im" unregistered
17:30:50.206         sip_endpoint.c  .Module "mod-unsolicited-mwi" unregistered
17:30:50.206         sip_endpoint.c  .Module "mod-pjsua-pres" unregistered
17:30:50.206         sip_endpoint.c  .Module "mod-pjsua" unregistered
17:30:50.206         sip_endpoint.c  .Module "mod-stateful-util" unregistered
17:30:50.206         sip_endpoint.c  .Module "mod-refer" unregistered
17:30:50.206         sip_endpoint.c  .Module "mod-mwi" unregistered
17:30:50.206         sip_endpoint.c  .Module "mod-dlg_even" unregistered
17:30:50.206         sip_endpoint.c  .Module "mod-presence" unregistered
17:30:50.206         sip_endpoint.c  .Module "mod-evsub" unregistered
17:30:50.206         sip_endpoint.c  .Module "mod-invite" unregistered
17:30:50.206         sip_endpoint.c  .Module "mod-100rel" unregistered
17:30:50.206         sip_endpoint.c  .Module "mod-ua" unregistered
17:30:50.206      sip_transaction.c  .Transaction layer module destroyed
17:30:50.206         sip_endpoint.c  .Module "mod-tsx-layer" unregistered
17:30:50.206         sip_endpoint.c  .Module "mod-msg-print" unregistered
17:30:50.206         sip_endpoint.c  .Module "mod-pjsua-log" unregistered
17:30:50.206        sip_transport.c  .Destroying transport manager
17:30:50.221    udp000002624EAC07C0  .SIP UDP transport destroyed
17:30:50.221                timer.c  .Dumping timer heap:
17:30:50.221                timer.c  .  Cur size: 0 entries, max: 3070
17:30:50.221         sip_endpoint.c  .Endpoint 000002624CD15CE0 destroyed
17:30:50.221           pjsua_core.c  .PJSUA state changed: CLOSING --> NULL
17:30:50.221           pjsua_core.c  .PJSUA destroyed...
