15:41:04.158         sip_endpoint.c !.Module "mod-pjsua-log" registered
15:41:04.158         sip_endpoint.c  .Module "mod-tsx-layer" registered
15:41:04.158         sip_endpoint.c  .Module "mod-stateful-util" registered
15:41:04.158         sip_endpoint.c  .Module "mod-ua" registered
15:41:04.158         sip_endpoint.c  .Module "mod-100rel" registered
15:41:04.158         sip_endpoint.c  .Module "mod-pjsua" registered
15:41:04.158         sip_endpoint.c  .Module "mod-invite" registered
15:41:04.171             wmme_dev.c  ..WMME found 9 devices:
15:41:04.171             wmme_dev.c  .. dev_id 0: Wave mapper  (in=2, out=2)
15:41:04.171             wmme_dev.c  .. dev_id 1: 麥克風 (USB MIC PRO)  (in=2, out=0)
15:41:04.171             wmme_dev.c  .. dev_id 2: CABLE Output (VB-Audio Virtual   (in=2, out=0)
15:41:04.171             wmme_dev.c  .. dev_id 3: 麥克風 (Realtek(R) Audio)  (in=2, out=0)
15:41:04.171             wmme_dev.c  .. dev_id 4: 立體聲混音 (Realtek(R) Audio)  (in=2, out=0)
15:41:04.171             wmme_dev.c  .. dev_id 5: 耳機 (Realtek(R) Audio)  (in=0, out=2)
15:41:04.171             wmme_dev.c  .. dev_id 6: CABLE Input (VB-Audio Virtual C  (in=0, out=2)
15:41:04.171             wmme_dev.c  .. dev_id 7: 喇叭 (Realtek(R) Audio)  (in=0, out=2)
15:41:04.171             wmme_dev.c  .. dev_id 8: CABLE In 16ch (VB-Audio Virtual  (in=0, out=2)
15:41:04.171             wmme_dev.c  ..WMME initialized
15:41:04.171                  pjlib  ..select() I/O Queue created (000002C91EEEC728)
15:41:04.171           conference.c  ..Creating conference bridge with 254 ports
15:41:04.171           Master/sound  ..Using delay buffer with WSOLA.
15:41:04.174            pjsua_vid.c  ..Initializing video subsystem..
15:41:04.174             vid_conf.c  ...Created video conference bridge with 32 ports
15:41:04.174         colorbar_dev.c  ...Colorbar video src initialized with 2 device(s):
15:41:04.174         colorbar_dev.c  ... 0: Colorbar generator
15:41:04.174         colorbar_dev.c  ... 1: Colorbar-active
15:41:04.174             null_dev.c  ...Null video initialized with 2 device(s):
15:41:04.174             null_dev.c  ... 0: Null capture
15:41:04.174             null_dev.c  ... 1: Null renderer
15:41:04.174         sip_endpoint.c  .Module "mod-evsub" registered
15:41:04.174         sip_endpoint.c  .Module "mod-presence" registered
15:41:04.175                evsub.c  .Event pkg "presence" registered by mod-presence
15:41:04.175         sip_endpoint.c  .Module "mod-dlg_even" registered
15:41:04.175                evsub.c  .Event pkg "dialog" registered by mod-dlg_even
15:41:04.175         sip_endpoint.c  .Module "mod-mwi" registered
15:41:04.175                evsub.c  .Event pkg "message-summary" registered by mod-mwi
15:41:04.175         sip_endpoint.c  .Module "mod-refer" registered
15:41:04.175                evsub.c  .Event pkg "refer" registered by mod-refer
15:41:04.175         sip_endpoint.c  .Module "mod-pjsua-pres" registered
15:41:04.175         sip_endpoint.c  .Module "mod-unsolicited-mwi" registered
15:41:04.175         sip_endpoint.c  .Module "mod-pjsua-im" registered
15:41:04.175         sip_endpoint.c  .Module "mod-pjsua-options" registered
15:41:04.175           pjsua_core.c  .1 SIP worker threads created
15:41:04.175           pjsua_core.c  .pjsua version 2.17-dev for win32-6.2/x86_64/msvc-19.5.1 initialized
15:41:04.175           pjsua_core.c  .PJSUA state changed: CREATED --> INIT
15:41:04.175         sip_endpoint.c  Module "mod-default-handler" registered
15:41:04.175            pjsua_aud.c  Creating file player: C:\Users\user\Desktop\ip_speaker\logs\_pjsua_volume_testing_1.wav..
15:41:04.180           wav_player.c  .File player 'C:\Users\user\Desktop\ip_speaker\logs\_pjsua_volume_testing_1.wav' created: samp.rate=8000, ch=1, bufsize=4KB, filesize=112KB
15:41:04.180           conference.c  ..Add port 1 (C:\Users\user\Desktop\ip_speaker\logs\_pjsua_volume_testing_1.wav) queued
15:41:04.180            pjsua_aud.c  .Player created, id=0, slot=1
15:41:04.180           conference.c  .Add port 2 (ringback) queued
15:41:04.180           conference.c  .Add port 3 (ring) queued
15:41:04.180           pjsua_core.c  SIP UDP socket reachable at 140.124.42.67:64882
15:41:04.181    udp000002C920D2FD50  SIP UDP transport started, published address is 140.124.42.67:64882
15:41:04.181            pjsua_acc.c  Adding account: id=<sip:140.124.42.67:64882>
15:41:04.181            pjsua_acc.c  .Account <sip:140.124.42.67:64882> added with id 0
15:41:04.181            pjsua_acc.c  Modifying account 0
15:41:04.181            pjsua_acc.c  Acc 0: setting online status to 1..
15:41:04.181            pjsua_acc.c  Adding account: id=sip:140.124.42.67
15:41:04.181            pjsua_acc.c  .Account sip:140.124.42.67 added with id 1
15:41:04.181            pjsua_acc.c  Acc 1: setting online status to 1..
15:41:04.181           pjsua_pres.c  Adding buddy: sip:4267@192.168.6.120:5060
15:41:04.181           pjsua_pres.c  .Buddy 0 added.
15:41:04.181            pjsua_aud.c  Setting null sound device..
15:41:04.181            pjsua_app.c  .Turning sound device -99 -99 ON
15:41:04.181            pjsua_aud.c  .Opening null sound device..
15:41:04.181           pjsua_core.c  PJSUA state changed: INIT --> STARTING
15:41:04.181           pjsua_core.c  .PJSUA state changed: STARTING --> RUNNING
15:41:04.181                 main.c  Ready: Success
15:41:04.181           pjsua_call.c  Making call with acc #1 to sip:4267@192.168.6.120:5060
15:41:04.181    dlg000002C920D43D60  .UAC dialog created
15:41:04.181    dlg000002C920D43D60  ..Session count inc to 2 by mod-pjsua
15:41:04.181          pjsua_media.c  .Call 0: initializing media..
15:41:04.181          pjsua_media.c  ..RTP socket reachable at 140.124.42.67:4004
15:41:04.181          pjsua_media.c  ..RTCP socket reachable at 140.124.42.67:4005
15:41:04.181   srtp000002C920D349D0  ..SRTP keying SDES created
15:41:04.181   srtp000002C920D349D0  ..SRTP transport created
15:41:04.181          pjsua_media.c  ..Media index 0 selected for audio call 0
15:41:04.181          pjsua_media.c  ..Call 0: media transport initialization complete: Success
15:41:04.181    udp000002C920D45340  ..UDP media transport created
15:41:04.181    dlg000002C920D43D60  ..Session count dec to 2 by mod-pjsua
15:41:04.181    dlg000002C920D43D60  .Module mod-invite added as dialog usage, data=000002C91EEF4168
15:41:04.181    dlg000002C920D43D60  ..Session count inc to 4 by mod-invite
15:41:04.181    dlg000002C920D43D60  .Module mod-100rel added as dialog usage, data=000002C91EEFC658
15:41:04.181    dlg000002C920D43D60  .100rel module attached
15:41:04.181    inv000002C920D43D60  .UAC invite session created for dialog dlg000002C920D43D60
15:41:04.181             sip_util.c  .Request msg INVITE/cseq=30973 (tdta000002C920D4CD20) created.
15:41:04.181    inv000002C920D43D60  ..Sending Request msg INVITE/cseq=30973 (tdta000002C920D4CD20)
15:41:04.181    dlg000002C920D43D60  ...Sending Request msg INVITE/cseq=30973 (tdta000002C920D4CD20)
15:41:04.181    tsx000002C920D4DD30  ....Transaction created for Request msg INVITE/cseq=30973 (tdta000002C920D4CD20)
15:41:04.181    tsx000002C920D4DD30  ...Sending Request msg INVITE/cseq=30973 (tdta000002C920D4CD20) in state Null
15:41:04.181          sip_resolve.c  ....Target '192.168.6.120:5060' type=Unspecified resolved to '192.168.6.120:5060' type=UDP (UDP transport)
15:41:04.181             sip_util.c  ....Resorting target addresses based on IPv4 preference
15:41:04.181           pjsua_core.c  ....TX 1008 bytes Request msg INVITE/cseq=30973 (tdta000002C920D4CD20) to UDP 192.168.6.120:5060:
INVITE sip:4267@192.168.6.120:5060 SIP/2.0
Via: SIP/2.0/UDP 140.124.42.67:64882;rport;branch=z9hG4bKPj8ffccbc795be480baff2cd2dd322361e
Max-Forwards: 70
From: sip:140.124.42.67;tag=e6c0735619164cc482bd2209abc5d9d9
To: sip:4267@192.168.6.120
Contact: <sip:140.124.42.67:64882>;ob
Call-ID: d4f2883d2e4542359e6015f83a9aa908
CSeq: 30973 INVITE
Allow: PRACK, INVITE, ACK, BYE, CANCEL, UPDATE, INFO, SUBSCRIBE, NOTIFY, REFER, MESSAGE, OPTIONS
Supported: replaces, 100rel, timer, norefersub
Session-Expires: 1800
Min-SE: 90
User-Agent: PJSUA/v2.17-dev win32-6.2 x86_64 msvc-19.5.1
Content-Type: application/sdp
Content-Length:   366

v=0
o=- 3992946064 3992946064 IN IP4 140.124.42.67
s=pjmedia
b=AS:84
t=0 0
a=X-nat:0
m=audio 4004 RTP/AVP 0 8 9 120
c=IN IP4 140.124.42.67
b=TIAS:64000
a=rtcp:4005 IN IP4 140.124.42.67
a=sendrecv
a=rtpmap:0 PCMU/8000
a=rtpmap:8 PCMA/8000
a=rtpmap:9 G722/8000
a=rtpmap:120 telephone-event/8000
a=fmtp:120 0-16
a=ssrc:713362791 cname:54f027a2404e0036

--end msg--
15:41:04.181    udp000002C920D2FD50  ....Request msg INVITE/cseq=30973 (tdta000002C920D4CD20) sent successfully
15:41:04.181    tsx000002C920D4DD30  ....State changed from Null to Calling, event=TX_MSG
15:41:04.181    dlg000002C920D43D60  .....Transaction tsx000002C920D4DD30 state changed to Calling
15:41:04.181    inv000002C920D43D60  ......State changed from NULL to CALLING, event=TSX_STATE
15:41:04.181            pjsua_app.c  .......Call 0 state changed to CALLING
15:41:04.214           conference.c !.Added port 1 (C:\Users\user\Desktop\ip_speaker\logs\_pjsua_volume_testing_1.wav), port count=2
15:41:04.214           conference.c  .Added port 2 (ringback), port count=3
15:41:04.214           conference.c  .Added port 3 (ring), port count=4
15:41:04.226         sip_endpoint.c !Processing incoming message: Response msg 100/INVITE/cseq=30973 (rdata000002C920D405D8)
15:41:04.226           pjsua_core.c  .RX 318 bytes Response msg 100/INVITE/cseq=30973 (rdata000002C920D405D8) from UDP 192.168.6.120:5060:
SIP/2.0 100 Trying
Via: SIP/2.0/UDP 140.124.42.67:64882;rport=64882;received=192.168.6.1;branch=z9hG4bKPj8ffccbc795be480baff2cd2dd322361e
From: <sip:140.124.42.67>;tag=e6c0735619164cc482bd2209abc5d9d9
To: <sip:4267@192.168.6.120>
Call-ID: d4f2883d2e4542359e6015f83a9aa908
CSeq: 30973 INVITE
Content-Length: 0


--end msg--
15:41:04.226    tsx000002C920D4DD30  .Incoming Response msg 100/INVITE/cseq=30973 (rdata000002C920D405D8) in state Calling
15:41:04.226    tsx000002C920D4DD30  ..State changed from Calling to Proceeding, event=RX_MSG
15:41:04.226    dlg000002C920D43D60  ...Received Response msg 100/INVITE/cseq=30973 (rdata000002C920D405D8)
15:41:04.226    dlg000002C920D43D60  ...Transaction tsx000002C920D4DD30 state changed to Proceeding
15:41:04.305         sip_endpoint.c  Processing incoming message: Response msg 180/INVITE/cseq=30973 (rdata000002C920D405D8)
15:41:04.305           pjsua_core.c  .RX 371 bytes Response msg 180/INVITE/cseq=30973 (rdata000002C920D405D8) from UDP 192.168.6.120:5060:
SIP/2.0 180 Ringing
Via: SIP/2.0/UDP 140.124.42.67:64882;rport=64882;received=192.168.6.1;branch=z9hG4bKPj8ffccbc795be480baff2cd2dd322361e
From: <sip:140.124.42.67>;tag=e6c0735619164cc482bd2209abc5d9d9
To: <sip:4267@192.168.6.120>;tag=01634ee2
Call-ID: d4f2883d2e4542359e6015f83a9aa908
Contact: <sip:101@192.168.6.120:5060>
CSeq: 30973 INVITE
Content-Length: 0


--end msg--
15:41:04.305    tsx000002C920D4DD30  .Incoming Response msg 180/INVITE/cseq=30973 (rdata000002C920D405D8) in state Proceeding
15:41:04.305    tsx000002C920D4DD30  ..State changed from Proceeding to Proceeding, event=RX_MSG
15:41:04.305    dlg000002C920D43D60  ...Received Response msg 180/INVITE/cseq=30973 (rdata000002C920D405D8)
15:41:04.305    dlg000002C920D43D60  ....Route-set updated
15:41:04.305    dlg000002C920D43D60  ...Transaction tsx000002C920D4DD30 state changed to Proceeding
15:41:04.305    inv000002C920D43D60  ....State changed from CALLING to EARLY, event=TSX_STATE
15:41:04.305            pjsua_aud.c  .....Conf connect: 2 --> 0
15:41:04.305           conference.c  .......Connect ports 2->0 requested
15:41:04.305           conference.c  .......Connect ports 2->0 queued
15:41:04.305            pjsua_app.c  .....Call 0 state changed to EARLY (180 Ringing)
15:41:04.307           conference.c !.Port 2 (ringback) transmitting to port 0 (Master/sound)
15:41:04.657         sip_endpoint.c !Processing incoming message: Response msg 200/INVITE/cseq=30973 (rdata000002C920D405D8)
15:41:04.657           pjsua_core.c  .RX 743 bytes Response msg 200/INVITE/cseq=30973 (rdata000002C920D405D8) from UDP 192.168.6.120:5060:
SIP/2.0 200 OK
Via: SIP/2.0/UDP 140.124.42.67:64882;rport=64882;received=192.168.6.1;branch=z9hG4bKPj8ffccbc795be480baff2cd2dd322361e
From: <sip:140.124.42.67>;tag=e6c0735619164cc482bd2209abc5d9d9
To: <sip:4267@192.168.6.120>;tag=01634ee2
Call-ID: d4f2883d2e4542359e6015f83a9aa908
Contact: <sip:101@192.168.6.120:5060>
CSeq: 30973 INVITE
Allow: INVITE,CANCEL,ACK,BYE,NOTIFY,REFER,OPTIONS,INFO,MESSAGE,UPDATE
Supported: replaces,timer
Session-Expires: 1800;refresher=uac
Content-Type: application/sdp
User-Agent: IPSPK-v1.306
Content-Length: 183

v=0
o=CMI-SIPUA 60490 0 IN IP4 192.168.6.120
s=SIP CALL
c=IN IP4 192.168.6.120
t=0 0
m=audio 20000 RTP/AVP 0 101
a=rtpmap:101 telephone-event/8000
a=fmtp:101 0-15
a=sendrecv

--end msg--
15:41:04.657    tsx000002C920D4DD30  .Incoming Response msg 200/INVITE/cseq=30973 (rdata000002C920D405D8) in state Proceeding
15:41:04.657    tsx000002C920D4DD30  ..State changed from Proceeding to Terminated, event=RX_MSG
15:41:04.657    dlg000002C920D43D60  ...Received Response msg 200/INVITE/cseq=30973 (rdata000002C920D405D8)
15:41:04.657    dlg000002C920D43D60  ....Route-set updated
15:41:04.657    dlg000002C920D43D60  ....Route-set frozen
15:41:04.657    dlg000002C920D43D60  ...Transaction tsx000002C920D4DD30 state changed to Terminated
15:41:04.657    inv000002C920D43D60  ....State changed from EARLY to CONNECTING, event=TSX_STATE
15:41:04.657            pjsua_app.c  .....Call 0 state changed to CONNECTING
15:41:04.657    inv000002C920D43D60  ....Got SDP answer in Response msg 200/INVITE/cseq=30973 (rdata000002C920D405D8)
15:41:04.657    inv000002C920D43D60  ....SDP negotiation done: Success
15:41:04.657           pjsua_call.c  .....Call 0: remote NAT type is 0 (Unknown)
15:41:04.657          pjsua_media.c  .....Call 0: updating media..
15:41:04.657          pjsua_media.c  .......Media stream call00:0 is destroyed
15:41:04.657    udp000002C920D45340  ......UDP media transport started
15:41:04.657            pjsua_aud.c  ......Audio channel update for index 0 for call 0...
15:41:04.657   strm000002C920D53FB8  .......Jitter buffer reset
15:41:04.657                  rtp.c  .......pjmedia_rtp_session_init: ses=000002C920D57344, default_pt=0, ssrc=0x2a850d67
15:41:04.657                  rtp.c  .......pjmedia_rtp_session_init2: ses=000002C920D57344, seq=15724, ts=2926761516, peer_ssrc=0
15:41:04.657                  rtp.c  .......pjmedia_rtp_session_init: ses=000002C920D579DC, default_pt=0, ssrc=0x2a850d67
15:41:04.657                  rtp.c  .......pjmedia_rtp_session_init2: ses=000002C920D579DC, seq=24464, ts=4050471190, peer_ssrc=0
15:41:04.657    udp000002C920D45340  .......SO_RCVBUF set to 65536
15:41:04.657    udp000002C920D45340  .......SO_SNDBUF set to 65536
15:41:04.657    udp000002C920D45340  .......UDP media transport attached
15:41:04.657               stream.c  .......Stream strm000002C920D53FB8 created
15:41:04.657   strm000002C920D53FB8  .......Encoder stream started
15:41:04.657   strm000002C920D53FB8  .......Decoder stream started
15:41:04.657           conference.c  ........Add port 4 (sip:4267@192.168.6.120:5060) queued
15:41:04.657          pjsua_media.c  ......audio updated, stream #0: PCMU (sendrecv)
15:41:04.657            pjsua_app.c  .....Call 0 media 0 [type=audio], status is Active
15:41:04.657            pjsua_aud.c  .....Conf disconnect: 2 -x- 0
15:41:04.657           conference.c  .......Disconnect ports 2->0 requested
15:41:04.657           conference.c  .......Disconnect ports 2->0 queued
15:41:04.657            pjsua_aud.c  .....Conf connect: 1 --> 4
15:41:04.657           conference.c  .......Connect ports 1->4 requested
15:41:04.657           conference.c  .......Connect ports 1->4 queued
15:41:04.657    inv000002C920D43D60  ....Received Response msg 200/INVITE/cseq=30973 (rdata000002C920D405D8), sending ACK
15:41:04.657             sip_util.c  ....Request msg ACK/cseq=30973 (tdta000002C920D58EB0) created.
15:41:04.657    dlg000002C920D43D60  .....Sending Request msg ACK/cseq=30973 (tdta000002C920D58EB0)
15:41:04.657          sip_resolve.c  .....Target '192.168.6.120:5060' type=Unspecified resolved to '192.168.6.120:5060' type=UDP (UDP transport)
15:41:04.657             sip_util.c  .....Resorting target addresses based on IPv4 preference
15:41:04.657           pjsua_core.c  .....TX 336 bytes Request msg ACK/cseq=30973 (tdta000002C920D58EB0) to UDP 192.168.6.120:5060:
ACK sip:101@192.168.6.120:5060 SIP/2.0
Via: SIP/2.0/UDP 140.124.42.67:64882;rport;branch=z9hG4bKPjad905da7cfa04fc49cc14cf2ffbf9b13
Max-Forwards: 70
From: sip:140.124.42.67;tag=e6c0735619164cc482bd2209abc5d9d9
To: sip:4267@192.168.6.120;tag=01634ee2
Call-ID: d4f2883d2e4542359e6015f83a9aa908
CSeq: 30973 ACK
Content-Length:  0


--end msg--
15:41:04.657    udp000002C920D2FD50  .....Request msg ACK/cseq=30973 (tdta000002C920D58EB0) sent successfully
15:41:04.657    inv000002C920D43D60  ....State changed from CONNECTING to CONFIRMED, event=TX_MSG
15:41:04.657            pjsua_app.c  .....Call 0 state changed to CONFIRMED
15:41:04.657    tsx000002C920D4DD30  Timeout timer event
15:41:04.657    tsx000002C920D4DD30  .State changed from Terminated to Destroyed, event=TIMER
15:41:04.657    tsx000002C920D4DD30  Transaction destroyed!
15:41:04.665           conference.c !.Added port 4 (sip:4267@192.168.6.120:5060), port count=5
15:41:04.665           conference.c  .Port 2 (ringback) stop transmitting to port 0 (Master/sound)
15:41:04.665           conference.c  .Port 1 (C:\Users\user\Desktop\ip_speaker\logs\_pjsua_volume_testing_1.wav) transmitting to port 4 (sip:4267@192.168.6.120:5060)
15:41:04.665   strm000002C920D53FB8  Starting talksprut..
15:41:04.665   strm000002C920D53FB8 !RTP status: badpt=0, badssrc=0, dup=0, outorder=0, probation=-1, restart=0
15:41:04.665    udp000002C920D45340  Remote RTP address switched to 140.124.44.229:20000
15:41:04.665    udp000002C920D45340  Remote RTCP address switched to predicted address 140.124.44.229:20001
15:41:04.677   strm000002C920D53FB8  RTP status: badpt=0, badssrc=0, dup=0, outorder=0, probation=-1, restart=0
15:41:11.689           wav_player.c !File port C:\Users\user\Desktop\ip_speaker\logs\_pjsua_volume_testing_1.wav EOF
15:41:11.704           wav_player.c  File port C:\Users\user\Desktop\ip_speaker\logs\_pjsua_volume_testing_1.wav EOF
15:41:11.735           wav_player.c  File port C:\Users\user\Desktop\ip_speaker\logs\_pjsua_volume_testing_1.wav EOF
15:41:11.750           wav_player.c  File port C:\Users\user\Desktop\ip_speaker\logs\_pjsua_volume_testing_1.wav EOF
15:41:11.766           wav_player.c  File port C:\Users\user\Desktop\ip_speaker\logs\_pjsua_volume_testing_1.wav EOF
15:41:11.781           wav_player.c  File port C:\Users\user\Desktop\ip_speaker\logs\_pjsua_volume_testing_1.wav EOF
15:41:11.812           wav_player.c  File port C:\Users\user\Desktop\ip_speaker\logs\_pjsua_volume_testing_1.wav EOF
15:41:11.828           wav_player.c  File port C:\Users\user\Desktop\ip_speaker\logs\_pjsua_volume_testing_1.wav EOF
15:41:11.844           wav_player.c  File port C:\Users\user\Desktop\ip_speaker\logs\_pjsua_volume_testing_1.wav EOF
15:41:11.875           wav_player.c  File port C:\Users\user\Desktop\ip_speaker\logs\_pjsua_volume_testing_1.wav EOF
15:41:11.890           pjsua_call.c !Hangup all calls..
15:41:11.890           wav_player.c !File port C:\Users\user\Desktop\ip_speaker\logs\_pjsua_volume_testing_1.wav EOF
15:41:11.890           pjsua_call.c !.Call 0 hanging up: code=0..
15:41:11.890          pjsua_media.c  ..Call 0: deinitializing media..
15:41:11.890          pjsua_media.c  ...
  [CONFIRMED] To: sip:4267@192.168.6.120;tag=01634ee2
    Call time: 00h:00m:07s, 1st res in 124 ms, conn in 476ms
    #0 audio PCMU @8kHz, sendrecv, peer=140.124.44.229:20000
       SRTP status: Not active Crypto-suite: 
       RX pt=0, last update:00h:00m:02.175s ago
          total 362pkt 57.9KB (72.4KB +IP hdr) @avg=64.0Kbps/80.0Kbps
          pkt loss=0 (0.0%), discrd=0 (0.0%), dup=0 (0.0%), reord=0 (0.0%)
                (msec)    min     avg     max     last    dev
          loss period:   0.000   0.000   0.000   0.000   0.000
          jitter     :   0.000   0.167   0.625   0.375   0.103
       TX pt=0, ptime=20, last update:never
          total 362pkt 57.9KB (72.4KB +IP hdr) @avg=64.0Kbps/80.0Kbps
          pkt loss=0 (0.0%), dup=0 (0.0%), reorder=0 (0.0%)
                (msec)    min     avg     max     last    dev 
          loss period:   0.000   0.000   0.000   0.000   0.000
          jitter     :   0.000   0.000   0.000   0.000   0.000
       RTT msec      :   0.000   0.000   0.000   0.000   0.000
15:41:11.890           conference.c  .....Remove port 4 requested
15:41:11.890           conference.c  .....Remove port 4 queued
15:41:11.890   strm000002C920D53FB8  ....Stream destroying
15:41:11.890    udp000002C920D45340  ....UDP media transport detached
15:41:11.890          pjsua_media.c  ....Media stream call00:0 is destroyed
15:41:11.890    udp000002C920D45340  ...UDP media transport already stopped
15:41:11.890   srtp000002C920D349D0  ...Destroying SRTP transport
15:41:11.890    udp000002C920D45340  ...UDP media transport destroying
15:41:11.890            pjsua_app.c  ..Call 0 is DISCONNECTED [reason=200 (OK)]
15:41:11.890             sip_util.c  ...Request msg BYE/cseq=30974 (tdta000002C920D5BE10) created.
15:41:11.890    inv000002C920D43D60  ...Sending Request msg BYE/cseq=30974 (tdta000002C920D5BE10)
15:41:11.890    dlg000002C920D43D60  ....Sending Request msg BYE/cseq=30974 (tdta000002C920D5BE10)
15:41:11.891    tsx000002C920D4DD30  .....Transaction created for Request msg BYE/cseq=30974 (tdta000002C920D5BE10)
15:41:11.891    tsx000002C920D4DD30  ....Sending Request msg BYE/cseq=30974 (tdta000002C920D5BE10) in state Null
15:41:11.891          sip_resolve.c  .....Target '192.168.6.120:5060' type=Unspecified resolved to '192.168.6.120:5060' type=UDP (UDP transport)
15:41:11.891             sip_util.c  .....Resorting target addresses based on IPv4 preference
15:41:11.891           pjsua_core.c  .....TX 394 bytes Request msg BYE/cseq=30974 (tdta000002C920D5BE10) to UDP 192.168.6.120:5060:
BYE sip:101@192.168.6.120:5060 SIP/2.0
Via: SIP/2.0/UDP 140.124.42.67:64882;rport;branch=z9hG4bKPjed56a510d3f1465db3d89b462cd8884c
Max-Forwards: 70
From: sip:140.124.42.67;tag=e6c0735619164cc482bd2209abc5d9d9
To: sip:4267@192.168.6.120;tag=01634ee2
Call-ID: d4f2883d2e4542359e6015f83a9aa908
CSeq: 30974 BYE
User-Agent: PJSUA/v2.17-dev win32-6.2 x86_64 msvc-19.5.1
Content-Length:  0


--end msg--
15:41:11.891    udp000002C920D2FD50  .....Request msg BYE/cseq=30974 (tdta000002C920D5BE10) sent successfully
15:41:11.891    tsx000002C920D4DD30  .....State changed from Null to Calling, event=TX_MSG
15:41:11.891    dlg000002C920D43D60  ......Transaction tsx000002C920D4DD30 state changed to Calling
15:41:11.905           conference.c !.Stop any transmission to port 4 (sip:4267@192.168.6.120:5060)
15:41:11.905           conference.c  .Port 1 (C:\Users\user\Desktop\ip_speaker\logs\_pjsua_volume_testing_1.wav) stop transmitting to port 4 (sip:4267@192.168.6.120:5060)
15:41:11.905           conference.c  .Stop any transmission from port 4 (sip:4267@192.168.6.120:5060)
15:41:11.905           conference.c  .Removing port 4 (sip:4267@192.168.6.120:5060)
15:41:11.905           conference.c  .Removed port 4, port count=4
15:41:11.905    udp000002C920D45340  .UDP media transport destroyed
15:41:11.905   srtp000002C920D349D0  .SRTP transport destroyed
15:41:11.905   strm000002C920D53FB8  .JB summary:
  size=50/eff=50 prefetch=0 level=0
  delay (min/max/avg/dev)=0/0/0/0 ms
  burst (min/max/avg/dev)=0/0/0/0 frames
  lost=0 discard=674 empty=0
15:41:11.905   strm000002C920D53FB8  .Stream destroyed
15:41:11.932           conference.c !.Remove port 2 requested
15:41:11.932           conference.c  .Remove port 2 queued
15:41:11.932           conference.c  .Remove port 3 requested
15:41:11.932           conference.c  .Remove port 3 queued
15:41:11.932            pjsua_aud.c  Destroying player 0..
15:41:11.932           conference.c  ..Remove port 1 requested
15:41:11.932           conference.c  ..Remove port 1 queued
15:41:11.932           pjsua_core.c  Shutting down, flags=0...
15:41:11.932           pjsua_core.c  PJSUA state changed: RUNNING --> CLOSING
15:41:11.936         sip_endpoint.c !Processing incoming message: Response msg 200/BYE/cseq=30974 (rdata000002C920D405D8)
15:41:11.936           pjsua_core.c  .RX 324 bytes Response msg 200/BYE/cseq=30974 (rdata000002C920D405D8) from UDP 192.168.6.120:5060:
SIP/2.0 200 OK
Via: SIP/2.0/UDP 140.124.42.67:64882;rport=64882;received=192.168.6.1;branch=z9hG4bKPjed56a510d3f1465db3d89b462cd8884c
From: <sip:140.124.42.67>;tag=e6c0735619164cc482bd2209abc5d9d9
To: <sip:4267@192.168.6.120>;tag=01634ee2
Call-ID: d4f2883d2e4542359e6015f83a9aa908
CSeq: 30974 BYE
Content-Length: 0


--end msg--
15:41:11.936    tsx000002C920D4DD30  .Incoming Response msg 200/BYE/cseq=30974 (rdata000002C920D405D8) in state Calling
15:41:11.936    tsx000002C920D4DD30  ..State changed from Calling to Completed, event=RX_MSG
15:41:11.936    dlg000002C920D43D60  ...Received Response msg 200/BYE/cseq=30974 (rdata000002C920D405D8)
15:41:11.936    dlg000002C920D43D60  ...Transaction tsx000002C920D4DD30 state changed to Completed
15:41:11.936    inv000002C920D43D60  ....State changed from CONFIRMED to DISCONNECTED, event=TSX_STATE
15:41:11.936   tdta000002C920D58EB0  ....Destroying txdata Request msg ACK/cseq=30973 (tdta000002C920D58EB0)
15:41:11.936   tdta000002C920D4CD20  ....Destroying txdata Request msg INVITE/cseq=30973 (tdta000002C920D4CD20)
15:41:11.936    dlg000002C920D43D60  .....Session count dec to 1 by mod-invite
15:41:11.936           pjsua_call.c !.Hangup all calls..
15:41:11.936           pjsua_pres.c  .Shutting down presence..
15:41:11.953           conference.c !.Stop any transmission to port 2 (ringback)
15:41:11.953           conference.c  .Stop any transmission from port 2 (ringback)
15:41:11.953           conference.c  .Removing port 2 (ringback)
15:41:11.953           conference.c  .Removed port 2, port count=3
15:41:11.953           conference.c  .Stop any transmission to port 3 (ring)
15:41:11.953           conference.c  .Stop any transmission from port 3 (ring)
15:41:11.953           conference.c  .Removing port 3 (ring)
15:41:11.953           conference.c  .Removed port 3, port count=2
15:41:11.953           conference.c  .Stop any transmission to port 1 (C:\Users\user\Desktop\ip_speaker\logs\_pjsua_volume_testing_1.wav)
15:41:11.953           conference.c  .Stop any transmission from port 1 (C:\Users\user\Desktop\ip_speaker\logs\_pjsua_volume_testing_1.wav)
15:41:11.953           conference.c  .Removing port 1 (C:\Users\user\Desktop\ip_speaker\logs\_pjsua_volume_testing_1.wav)
15:41:11.953           conference.c  .Removed port 1, port count=1
15:41:12.903            pjsua_aud.c !.Closing sound device after idle for 1 second(s)
15:41:12.903            pjsua_app.c  ..Turning sound device -99 -99 OFF
15:41:12.903            pjsua_aud.c  ..Closing null sound device..
15:41:12.965           pjsua_core.c  .Destroying...
15:41:12.965        sip_transport.c  .Transport udp000002C920D2FD50 shutting down, force=0
15:41:12.965          pjsua_media.c  .Shutting down media..
15:41:12.980           conference.c  ..Audio conference bridge destroy requested
15:41:12.980           conference.c  ...Stop any transmission to port 0 (Master/sound)
15:41:12.980           conference.c  ...Stop any transmission from port 0 (Master/sound)
15:41:12.980           conference.c  ...Removing port 0 (Master/sound)
15:41:12.980           conference.c  ...Removed port 0, port count=0
15:41:12.980           conference.c  ..Audio conference bridge destroyed
15:41:12.980            pjsua_vid.c  ..Destroying video subsystem..
15:41:12.980            pjsua_vid.c  ...Window 0: destroying..
15:41:12.980            pjsua_vid.c  ...Window 1: destroying..
15:41:12.980            pjsua_vid.c  ...Window 2: destroying..
15:41:12.980            pjsua_vid.c  ...Window 3: destroying..
15:41:12.980            pjsua_vid.c  ...Window 4: destroying..
15:41:12.980            pjsua_vid.c  ...Window 5: destroying..
15:41:12.980            pjsua_vid.c  ...Window 6: destroying..
15:41:12.980            pjsua_vid.c  ...Window 7: destroying..
15:41:12.980            pjsua_vid.c  ...Window 8: destroying..
15:41:12.980            pjsua_vid.c  ...Window 9: destroying..
15:41:12.980            pjsua_vid.c  ...Window 10: destroying..
15:41:12.980            pjsua_vid.c  ...Window 11: destroying..
15:41:12.980            pjsua_vid.c  ...Window 12: destroying..
15:41:12.980            pjsua_vid.c  ...Window 13: destroying..
15:41:12.980            pjsua_vid.c  ...Window 14: destroying..
15:41:12.980            pjsua_vid.c  ...Window 15: destroying..
15:41:12.980             vid_conf.c  ...Video conference bridge destroy requested
15:41:12.980             vid_conf.c  ...Video conference bridge destroyed
15:41:12.982         sip_endpoint.c  .Destroying endpoint instance..
15:41:12.982      sip_transaction.c  .Stopping transaction layer module
15:41:12.982    tsx000002C920D4DD30  .Request to terminate transaction
15:41:12.982    tsx000002C920D4DD30  ..State changed from Completed to Terminated, event=USER
15:41:12.982    dlg000002C920D43D60  ...Transaction tsx000002C920D4DD30 state changed to Terminated
15:41:12.982   tdta000002C920D5BE10  .Destroying txdata Request msg BYE/cseq=30974 (tdta000002C920D5BE10)
15:41:12.982    tsx000002C920D4DD30  .Transaction destroyed!
15:41:12.982    dlg000002C920D43D60  .Dialog destroyed!
15:41:12.982      sip_transaction.c  .Stopped transaction layer module
15:41:12.982         sip_endpoint.c  .Module "mod-default-handler" unregistered
15:41:12.982         sip_endpoint.c  .Module "mod-pjsua-options" unregistered
15:41:12.982         sip_endpoint.c  .Module "mod-pjsua-im" unregistered
15:41:12.982         sip_endpoint.c  .Module "mod-unsolicited-mwi" unregistered
15:41:12.982         sip_endpoint.c  .Module "mod-pjsua-pres" unregistered
15:41:12.982         sip_endpoint.c  .Module "mod-pjsua" unregistered
15:41:12.982         sip_endpoint.c  .Module "mod-stateful-util" unregistered
15:41:12.982         sip_endpoint.c  .Module "mod-refer" unregistered
15:41:12.982         sip_endpoint.c  .Module "mod-mwi" unregistered
15:41:12.982         sip_endpoint.c  .Module "mod-dlg_even" unregistered
15:41:12.982         sip_endpoint.c  .Module "mod-presence" unregistered
15:41:12.982         sip_endpoint.c  .Module "mod-evsub" unregistered
15:41:12.982         sip_endpoint.c  .Module "mod-invite" unregistered
15:41:12.982         sip_endpoint.c  .Module "mod-100rel" unregistered
15:41:12.982         sip_endpoint.c  .Module "mod-ua" unregistered
15:41:12.982      sip_transaction.c  .Transaction layer module destroyed
15:41:12.982         sip_endpoint.c  .Module "mod-tsx-layer" unregistered
15:41:12.982         sip_endpoint.c  .Module "mod-msg-print" unregistered
15:41:12.982         sip_endpoint.c  .Module "mod-pjsua-log" unregistered
15:41:12.982        sip_transport.c  .Destroying transport manager
15:41:12.996    udp000002C920D2FD50  .SIP UDP transport destroyed
15:41:12.996                timer.c  .Dumping timer heap:
15:41:12.996                timer.c  .  Cur size: 0 entries, max: 3070
15:41:12.996         sip_endpoint.c  .Endpoint 000002C91EE78D60 destroyed
15:41:12.996           pjsua_core.c  .PJSUA state changed: CLOSING --> NULL
15:41:12.996           pjsua_core.c  .PJSUA destroyed...
