17:33:46.626         sip_endpoint.c !.Module "mod-pjsua-log" registered
17:33:46.626         sip_endpoint.c  .Module "mod-tsx-layer" registered
17:33:46.626         sip_endpoint.c  .Module "mod-stateful-util" registered
17:33:46.626         sip_endpoint.c  .Module "mod-ua" registered
17:33:46.626         sip_endpoint.c  .Module "mod-100rel" registered
17:33:46.626         sip_endpoint.c  .Module "mod-pjsua" registered
17:33:46.626         sip_endpoint.c  .Module "mod-invite" registered
17:33:46.640             wmme_dev.c  ..WMME found 6 devices:
17:33:46.640             wmme_dev.c  .. dev_id 0: Wave mapper  (in=2, out=2)
17:33:46.640             wmme_dev.c  .. dev_id 1: CABLE Output (VB-Audio Virtual   (in=2, out=0)
17:33:46.640             wmme_dev.c  .. dev_id 2: 立體聲混音 (Realtek(R) Audio)  (in=2, out=0)
17:33:46.640             wmme_dev.c  .. dev_id 3: CABLE Input (VB-Audio Virtual C  (in=0, out=2)
17:33:46.640             wmme_dev.c  .. dev_id 4: 喇叭 (Realtek(R) Audio)  (in=0, out=2)
17:33:46.640             wmme_dev.c  .. dev_id 5: CABLE In 16ch (VB-Audio Virtual  (in=0, out=2)
17:33:46.640             wmme_dev.c  ..WMME initialized
17:33:46.640                  pjlib  ..select() I/O Queue created (00000258BAE118B8)
17:33:46.641           conference.c  ..Creating conference bridge with 254 ports
17:33:46.641           Master/sound  ..Using delay buffer with WSOLA.
17:33:46.645            pjsua_vid.c  ..Initializing video subsystem..
17:33:46.645             vid_conf.c  ...Created video conference bridge with 32 ports
17:33:46.645         colorbar_dev.c  ...Colorbar video src initialized with 2 device(s):
17:33:46.645         colorbar_dev.c  ... 0: Colorbar generator
17:33:46.645         colorbar_dev.c  ... 1: Colorbar-active
17:33:46.645             null_dev.c  ...Null video initialized with 2 device(s):
17:33:46.645             null_dev.c  ... 0: Null capture
17:33:46.645             null_dev.c  ... 1: Null renderer
17:33:46.645         sip_endpoint.c  .Module "mod-evsub" registered
17:33:46.645         sip_endpoint.c  .Module "mod-presence" registered
17:33:46.645                evsub.c  .Event pkg "presence" registered by mod-presence
17:33:46.645         sip_endpoint.c  .Module "mod-dlg_even" registered
17:33:46.645                evsub.c  .Event pkg "dialog" registered by mod-dlg_even
17:33:46.645         sip_endpoint.c  .Module "mod-mwi" registered
17:33:46.645                evsub.c  .Event pkg "message-summary" registered by mod-mwi
17:33:46.645         sip_endpoint.c  .Module "mod-refer" registered
17:33:46.645                evsub.c  .Event pkg "refer" registered by mod-refer
17:33:46.645         sip_endpoint.c  .Module "mod-pjsua-pres" registered
17:33:46.645         sip_endpoint.c  .Module "mod-unsolicited-mwi" registered
17:33:46.645         sip_endpoint.c  .Module "mod-pjsua-im" registered
17:33:46.645         sip_endpoint.c  .Module "mod-pjsua-options" registered
17:33:46.645           pjsua_core.c  .1 SIP worker threads created
17:33:46.645           pjsua_core.c  .pjsua version 2.17-dev for win32-6.2/x86_64/msvc-19.5.1 initialized
17:33:46.645           pjsua_core.c  .PJSUA state changed: CREATED --> INIT
17:33:46.645         sip_endpoint.c  Module "mod-default-handler" registered
17:33:46.645            pjsua_aud.c  Creating file player: C:\Users\user\Desktop\ip_speaker\logs\_pjsua_volume_testing_reg_121_192_168_6_121_5060.wav..
17:33:46.651           wav_player.c  .File player 'C:\Users\user\Desktop\ip_speaker\logs\_pjsua_volume_testing_reg_121_192_168_6_121_5060.wav' created: samp.rate=8000, ch=1, bufsize=4KB, filesize=50KB
17:33:46.651           conference.c  ..Add port 1 (C:\Users\user\Desktop\ip_speaker\logs\_pjsua_volume_testing_reg_121_192_168_6_121_5060.wav) queued
17:33:46.651            pjsua_aud.c  .Player created, id=0, slot=1
17:33:46.651           conference.c  .Add port 2 (ringback) queued
17:33:46.651           conference.c  .Add port 3 (ring) queued
17:33:46.651           pjsua_core.c  SIP UDP socket reachable at 140.124.42.67:64882
17:33:46.651    udp00000258BCAFB920  SIP UDP transport started, published address is 140.124.42.67:64882
17:33:46.651            pjsua_acc.c  Adding account: id=<sip:140.124.42.67:64882>
17:33:46.651            pjsua_acc.c  .Account <sip:140.124.42.67:64882> added with id 0
17:33:46.651            pjsua_acc.c  Modifying account 0
17:33:46.651            pjsua_acc.c  Acc 0: setting online status to 1..
17:33:46.651            pjsua_acc.c  Adding account: id=sip:140.124.42.67
17:33:46.651            pjsua_acc.c  .Account sip:140.124.42.67 added with id 1
17:33:46.651            pjsua_acc.c  Acc 1: setting online status to 1..
17:33:46.651           pjsua_pres.c  Adding buddy: sip:121@192.168.6.121:5060
17:33:46.651           pjsua_pres.c  .Buddy 0 added.
17:33:46.651            pjsua_aud.c  Setting null sound device..
17:33:46.651            pjsua_app.c  .Turning sound device -99 -99 ON
17:33:46.651            pjsua_aud.c  .Opening null sound device..
17:33:46.651           pjsua_core.c  PJSUA state changed: INIT --> STARTING
17:33:46.651           pjsua_core.c  .PJSUA state changed: STARTING --> RUNNING
17:33:46.651                 main.c  Ready: Success
17:33:46.651           pjsua_call.c  Making call with acc #1 to sip:121@192.168.6.121:5060
17:33:46.651    dlg00000258BCB0FAF0  .UAC dialog created
17:33:46.651    dlg00000258BCB0FAF0  ..Session count inc to 2 by mod-pjsua
17:33:46.651          pjsua_media.c  .Call 0: initializing media..
17:33:46.651          pjsua_media.c  ..RTP socket reachable at 140.124.42.67:4004
17:33:46.651          pjsua_media.c  ..RTCP socket reachable at 140.124.42.67:4005
17:33:46.651   srtp00000258BCB04070  ..SRTP keying SDES created
17:33:46.651   srtp00000258BCB04070  ..SRTP transport created
17:33:46.651          pjsua_media.c  ..Media index 0 selected for audio call 0
17:33:46.651          pjsua_media.c  ..Call 0: media transport initialization complete: Success
17:33:46.651    udp00000258BCAFA480  ..UDP media transport created
17:33:46.651    dlg00000258BCB0FAF0  ..Session count dec to 2 by mod-pjsua
17:33:46.651    dlg00000258BCB0FAF0  .Module mod-invite added as dialog usage, data=00000258BADD2BB8
17:33:46.651    dlg00000258BCB0FAF0  ..Session count inc to 4 by mod-invite
17:33:46.651    dlg00000258BCB0FAF0  .Module mod-100rel added as dialog usage, data=00000258BADD2018
17:33:46.651    dlg00000258BCB0FAF0  .100rel module attached
17:33:46.651    inv00000258BCB0FAF0  .UAC invite session created for dialog dlg00000258BCB0FAF0
17:33:46.652             sip_util.c  .Request msg INVITE/cseq=21496 (tdta00000258BCB18AB0) created.
17:33:46.652    inv00000258BCB0FAF0  ..Sending Request msg INVITE/cseq=21496 (tdta00000258BCB18AB0)
17:33:46.652    dlg00000258BCB0FAF0  ...Sending Request msg INVITE/cseq=21496 (tdta00000258BCB18AB0)
17:33:46.652    tsx00000258BCB19AC0  ....Transaction created for Request msg INVITE/cseq=21496 (tdta00000258BCB18AB0)
17:33:46.652    tsx00000258BCB19AC0  ...Sending Request msg INVITE/cseq=21496 (tdta00000258BCB18AB0) in state Null
17:33:46.652          sip_resolve.c  ....Target '192.168.6.121:5060' type=Unspecified resolved to '192.168.6.121:5060' type=UDP (UDP transport)
17:33:46.652             sip_util.c  ....Resorting target addresses based on IPv4 preference
17:33:46.652           pjsua_core.c  ....TX 1007 bytes Request msg INVITE/cseq=21496 (tdta00000258BCB18AB0) to UDP 192.168.6.121:5060:
INVITE sip:121@192.168.6.121:5060 SIP/2.0
Via: SIP/2.0/UDP 140.124.42.67:64882;rport;branch=z9hG4bKPj106c1d16e9b740dd963a04f3c975ede2
Max-Forwards: 70
From: sip:140.124.42.67;tag=4b91f30d379b48fc983e3165bf54bacd
To: sip:121@192.168.6.121
Contact: <sip:140.124.42.67:64882>;ob
Call-ID: 1c1a78041c0d457f95503524c1a1d418
CSeq: 21496 INVITE
Allow: PRACK, INVITE, ACK, BYE, CANCEL, UPDATE, INFO, SUBSCRIBE, NOTIFY, REFER, MESSAGE, OPTIONS
Supported: replaces, 100rel, timer, norefersub
Session-Expires: 1800
Min-SE: 90
User-Agent: PJSUA/v2.17-dev win32-6.2 x86_64 msvc-19.5.1
Content-Type: application/sdp
Content-Length:   367

v=0
o=- 3993212026 3993212026 IN IP4 140.124.42.67
s=pjmedia
b=AS:84
t=0 0
a=X-nat:0
m=audio 4004 RTP/AVP 0 8 9 120
c=IN IP4 140.124.42.67
b=TIAS:64000
a=rtcp:4005 IN IP4 140.124.42.67
a=sendrecv
a=rtpmap:0 PCMU/8000
a=rtpmap:8 PCMA/8000
a=rtpmap:9 G722/8000
a=rtpmap:120 telephone-event/8000
a=fmtp:120 0-16
a=ssrc:1533963762 cname:244a58ae44f94b65

--end msg--
17:33:46.652    udp00000258BCAFB920  ....Request msg INVITE/cseq=21496 (tdta00000258BCB18AB0) sent successfully
17:33:46.652    tsx00000258BCB19AC0  ....State changed from Null to Calling, event=TX_MSG
17:33:46.652    dlg00000258BCB0FAF0  .....Transaction tsx00000258BCB19AC0 state changed to Calling
17:33:46.652    inv00000258BCB0FAF0  ......State changed from NULL to CALLING, event=TSX_STATE
17:33:46.652            pjsua_app.c  .......Call 0 state changed to CALLING
17:33:46.687           conference.c !.Added port 1 (C:\Users\user\Desktop\ip_speaker\logs\_pjsua_volume_testing_reg_121_192_168_6_121_5060.wav), port count=2
17:33:46.687           conference.c  .Added port 2 (ringback), port count=3
17:33:46.687           conference.c  .Added port 3 (ring), port count=4
17:33:46.703         sip_endpoint.c !Processing incoming message: Response msg 100/INVITE/cseq=21496 (rdata00000258BCB0CB08)
17:33:46.703           pjsua_core.c  .RX 317 bytes Response msg 100/INVITE/cseq=21496 (rdata00000258BCB0CB08) from UDP 192.168.6.121:5060:
SIP/2.0 100 Trying
Via: SIP/2.0/UDP 140.124.42.67:64882;rport=64882;received=192.168.6.1;branch=z9hG4bKPj106c1d16e9b740dd963a04f3c975ede2
From: <sip:140.124.42.67>;tag=4b91f30d379b48fc983e3165bf54bacd
To: <sip:121@192.168.6.121>
Call-ID: 1c1a78041c0d457f95503524c1a1d418
CSeq: 21496 INVITE
Content-Length: 0


--end msg--
17:33:46.703    tsx00000258BCB19AC0  .Incoming Response msg 100/INVITE/cseq=21496 (rdata00000258BCB0CB08) in state Calling
17:33:46.703    tsx00000258BCB19AC0  ..State changed from Calling to Proceeding, event=RX_MSG
17:33:46.703    dlg00000258BCB0FAF0  ...Received Response msg 100/INVITE/cseq=21496 (rdata00000258BCB0CB08)
17:33:46.703    dlg00000258BCB0FAF0  ...Transaction tsx00000258BCB19AC0 state changed to Proceeding
17:33:46.777         sip_endpoint.c  Processing incoming message: Response msg 180/INVITE/cseq=21496 (rdata00000258BCB0CB08)
17:33:46.777           pjsua_core.c  .RX 370 bytes Response msg 180/INVITE/cseq=21496 (rdata00000258BCB0CB08) from UDP 192.168.6.121:5060:
SIP/2.0 180 Ringing
Via: SIP/2.0/UDP 140.124.42.67:64882;rport=64882;received=192.168.6.1;branch=z9hG4bKPj106c1d16e9b740dd963a04f3c975ede2
From: <sip:140.124.42.67>;tag=4b91f30d379b48fc983e3165bf54bacd
To: <sip:121@192.168.6.121>;tag=791da891
Call-ID: 1c1a78041c0d457f95503524c1a1d418
Contact: <sip:121@192.168.6.121:5060>
CSeq: 21496 INVITE
Content-Length: 0


--end msg--
17:33:46.777    tsx00000258BCB19AC0  .Incoming Response msg 180/INVITE/cseq=21496 (rdata00000258BCB0CB08) in state Proceeding
17:33:46.777    tsx00000258BCB19AC0  ..State changed from Proceeding to Proceeding, event=RX_MSG
17:33:46.777    dlg00000258BCB0FAF0  ...Received Response msg 180/INVITE/cseq=21496 (rdata00000258BCB0CB08)
17:33:46.777    dlg00000258BCB0FAF0  ....Route-set updated
17:33:46.777    dlg00000258BCB0FAF0  ...Transaction tsx00000258BCB19AC0 state changed to Proceeding
17:33:46.777    inv00000258BCB0FAF0  ....State changed from CALLING to EARLY, event=TSX_STATE
17:33:46.777            pjsua_aud.c  .....Conf connect: 2 --> 0
17:33:46.777           conference.c  .......Connect ports 2->0 requested
17:33:46.777           conference.c  .......Connect ports 2->0 queued
17:33:46.777            pjsua_app.c  .....Call 0 state changed to EARLY (180 Ringing)
17:33:46.781           conference.c !.Port 2 (ringback) transmitting to port 0 (Master/sound)
17:33:47.254         sip_endpoint.c !Processing incoming message: Response msg 200/INVITE/cseq=21496 (rdata00000258BCB0CB08)
17:33:47.254           pjsua_core.c  .RX 742 bytes Response msg 200/INVITE/cseq=21496 (rdata00000258BCB0CB08) from UDP 192.168.6.121:5060:
SIP/2.0 200 OK
Via: SIP/2.0/UDP 140.124.42.67:64882;rport=64882;received=192.168.6.1;branch=z9hG4bKPj106c1d16e9b740dd963a04f3c975ede2
From: <sip:140.124.42.67>;tag=4b91f30d379b48fc983e3165bf54bacd
To: <sip:121@192.168.6.121>;tag=791da891
Call-ID: 1c1a78041c0d457f95503524c1a1d418
Contact: <sip:121@192.168.6.121:5060>
CSeq: 21496 INVITE
Allow: INVITE,CANCEL,ACK,BYE,NOTIFY,REFER,OPTIONS,INFO,MESSAGE,UPDATE
Supported: replaces,timer
Session-Expires: 1800;refresher=uac
Content-Type: application/sdp
User-Agent: IPSPK-v1.306
Content-Length: 183

v=0
o=CMI-SIPUA 41198 0 IN IP4 192.168.6.121
s=SIP CALL
c=IN IP4 192.168.6.121
t=0 0
m=audio 20000 RTP/AVP 0 101
a=rtpmap:101 telephone-event/8000
a=fmtp:101 0-15
a=sendrecv

--end msg--
17:33:47.254    tsx00000258BCB19AC0  .Incoming Response msg 200/INVITE/cseq=21496 (rdata00000258BCB0CB08) in state Proceeding
17:33:47.254    tsx00000258BCB19AC0  ..State changed from Proceeding to Terminated, event=RX_MSG
17:33:47.254    dlg00000258BCB0FAF0  ...Received Response msg 200/INVITE/cseq=21496 (rdata00000258BCB0CB08)
17:33:47.254    dlg00000258BCB0FAF0  ....Route-set updated
17:33:47.254    dlg00000258BCB0FAF0  ....Route-set frozen
17:33:47.254    dlg00000258BCB0FAF0  ...Transaction tsx00000258BCB19AC0 state changed to Terminated
17:33:47.254    inv00000258BCB0FAF0  ....State changed from EARLY to CONNECTING, event=TSX_STATE
17:33:47.254            pjsua_app.c  .....Call 0 state changed to CONNECTING
17:33:47.254    inv00000258BCB0FAF0  ....Got SDP answer in Response msg 200/INVITE/cseq=21496 (rdata00000258BCB0CB08)
17:33:47.254    inv00000258BCB0FAF0  ....SDP negotiation done: Success
17:33:47.254           pjsua_call.c  .....Call 0: remote NAT type is 0 (Unknown)
17:33:47.254          pjsua_media.c  .....Call 0: updating media..
17:33:47.254          pjsua_media.c  .......Media stream call00:0 is destroyed
17:33:47.254    udp00000258BCAFA480  ......UDP media transport started
17:33:47.254            pjsua_aud.c  ......Audio channel update for index 0 for call 0...
17:33:47.254   strm00000258BCB1FD48  .......Jitter buffer reset
17:33:47.254                  rtp.c  .......pjmedia_rtp_session_init: ses=00000258BCB230D4, default_pt=0, ssrc=0x5b6e6df2
17:33:47.254                  rtp.c  .......pjmedia_rtp_session_init2: ses=00000258BCB230D4, seq=15724, ts=2926761516, peer_ssrc=0
17:33:47.254                  rtp.c  .......pjmedia_rtp_session_init: ses=00000258BCB2376C, default_pt=0, ssrc=0x5b6e6df2
17:33:47.254                  rtp.c  .......pjmedia_rtp_session_init2: ses=00000258BCB2376C, seq=24464, ts=4050471190, peer_ssrc=0
17:33:47.254    udp00000258BCAFA480  .......SO_RCVBUF set to 65536
17:33:47.254    udp00000258BCAFA480  .......SO_SNDBUF set to 65536
17:33:47.254    udp00000258BCAFA480  .......UDP media transport attached
17:33:47.254               stream.c  .......Stream strm00000258BCB1FD48 created
17:33:47.254   strm00000258BCB1FD48  .......Encoder stream started
17:33:47.254   strm00000258BCB1FD48  .......Decoder stream started
17:33:47.254           conference.c  ........Add port 4 (sip:121@192.168.6.121:5060) queued
17:33:47.254          pjsua_media.c  ......audio updated, stream #0: PCMU (sendrecv)
17:33:47.254            pjsua_app.c  .....Call 0 media 0 [type=audio], status is Active
17:33:47.254            pjsua_aud.c  .....Conf disconnect: 2 -x- 0
17:33:47.254           conference.c  .......Disconnect ports 2->0 requested
17:33:47.254           conference.c  .......Disconnect ports 2->0 queued
17:33:47.254            pjsua_aud.c  .....Conf connect: 1 --> 4
17:33:47.254           conference.c  .......Connect ports 1->4 requested
17:33:47.254           conference.c  .......Connect ports 1->4 queued
17:33:47.254    inv00000258BCB0FAF0  ....Received Response msg 200/INVITE/cseq=21496 (rdata00000258BCB0CB08), sending ACK
17:33:47.254             sip_util.c  ....Request msg ACK/cseq=21496 (tdta00000258BCB24C40) created.
17:33:47.254    dlg00000258BCB0FAF0  .....Sending Request msg ACK/cseq=21496 (tdta00000258BCB24C40)
17:33:47.254          sip_resolve.c  .....Target '192.168.6.121:5060' type=Unspecified resolved to '192.168.6.121:5060' type=UDP (UDP transport)
17:33:47.254             sip_util.c  .....Resorting target addresses based on IPv4 preference
17:33:47.254           pjsua_core.c  .....TX 335 bytes Request msg ACK/cseq=21496 (tdta00000258BCB24C40) to UDP 192.168.6.121:5060:
ACK sip:121@192.168.6.121:5060 SIP/2.0
Via: SIP/2.0/UDP 140.124.42.67:64882;rport;branch=z9hG4bKPj17aade4ad08e4f519a08e1b038d3ee1a
Max-Forwards: 70
From: sip:140.124.42.67;tag=4b91f30d379b48fc983e3165bf54bacd
To: sip:121@192.168.6.121;tag=791da891
Call-ID: 1c1a78041c0d457f95503524c1a1d418
CSeq: 21496 ACK
Content-Length:  0


--end msg--
17:33:47.254    udp00000258BCAFB920  .....Request msg ACK/cseq=21496 (tdta00000258BCB24C40) sent successfully
17:33:47.254    inv00000258BCB0FAF0  ....State changed from CONNECTING to CONFIRMED, event=TX_MSG
17:33:47.254            pjsua_app.c  .....Call 0 state changed to CONFIRMED
17:33:47.254    tsx00000258BCB19AC0  Timeout timer event
17:33:47.254    tsx00000258BCB19AC0  .State changed from Terminated to Destroyed, event=TIMER
17:33:47.254    tsx00000258BCB19AC0  Transaction destroyed!
17:33:47.264           conference.c !.Added port 4 (sip:121@192.168.6.121:5060), port count=5
17:33:47.264           conference.c  .Port 2 (ringback) stop transmitting to port 0 (Master/sound)
17:33:47.264           conference.c  .Port 1 (C:\Users\user\Desktop\ip_speaker\logs\_pjsua_volume_testing_reg_121_192_168_6_121_5060.wav) transmitting to port 4 (sip:121@192.168.6.121:5060)
17:33:47.264   strm00000258BCB1FD48  Starting talksprut..
17:33:47.264   strm00000258BCB1FD48 !RTP status: badpt=0, badssrc=0, dup=0, outorder=0, probation=-1, restart=0
17:33:47.264    udp00000258BCAFA480  Remote RTP address switched to 140.124.44.229:54506
17:33:47.264    udp00000258BCAFA480  Remote RTCP address switched to predicted address 140.124.44.229:54507
17:33:47.274   strm00000258BCB1FD48  RTP status: badpt=0, badssrc=0, dup=0, outorder=0, probation=-1, restart=0
17:33:50.425           wav_player.c !File port C:\Users\user\Desktop\ip_speaker\logs\_pjsua_volume_testing_reg_121_192_168_6_121_5060.wav EOF
17:33:50.440           wav_player.c  File port C:\Users\user\Desktop\ip_speaker\logs\_pjsua_volume_testing_reg_121_192_168_6_121_5060.wav EOF
17:33:50.456           wav_player.c  File port C:\Users\user\Desktop\ip_speaker\logs\_pjsua_volume_testing_reg_121_192_168_6_121_5060.wav EOF
17:33:50.471           wav_player.c  File port C:\Users\user\Desktop\ip_speaker\logs\_pjsua_volume_testing_reg_121_192_168_6_121_5060.wav EOF
17:33:50.502           wav_player.c  File port C:\Users\user\Desktop\ip_speaker\logs\_pjsua_volume_testing_reg_121_192_168_6_121_5060.wav EOF
17:33:50.517           wav_player.c  File port C:\Users\user\Desktop\ip_speaker\logs\_pjsua_volume_testing_reg_121_192_168_6_121_5060.wav EOF
17:33:50.533           wav_player.c  File port C:\Users\user\Desktop\ip_speaker\logs\_pjsua_volume_testing_reg_121_192_168_6_121_5060.wav EOF
17:33:50.564           wav_player.c  File port C:\Users\user\Desktop\ip_speaker\logs\_pjsua_volume_testing_reg_121_192_168_6_121_5060.wav EOF
17:33:50.579           wav_player.c  File port C:\Users\user\Desktop\ip_speaker\logs\_pjsua_volume_testing_reg_121_192_168_6_121_5060.wav EOF
17:33:50.594           wav_player.c  File port C:\Users\user\Desktop\ip_speaker\logs\_pjsua_volume_testing_reg_121_192_168_6_121_5060.wav EOF
17:33:50.625           pjsua_call.c !Hangup all calls..
17:33:50.625           pjsua_call.c  .Call 0 hanging up: code=0..
17:33:50.625          pjsua_media.c  ..Call 0: deinitializing media..
17:33:50.625           wav_player.c !File port C:\Users\user\Desktop\ip_speaker\logs\_pjsua_volume_testing_reg_121_192_168_6_121_5060.wav EOF
17:33:50.625          pjsua_media.c !...
  [CONFIRMED] To: sip:121@192.168.6.121;tag=791da891
    Call time: 00h:00m:03s, 1st res in 126 ms, conn in 603ms
    #0 audio PCMU @8kHz, sendrecv, peer=140.124.44.229:54506
       SRTP status: Not active Crypto-suite: 
       RX pt=0, last update:00h:00m:03.150s ago
          total 169pkt 27.0KB (33.8KB +IP hdr) @avg=64.1Kbps/80.2Kbps
          pkt loss=0 (0.0%), discrd=0 (0.0%), dup=0 (0.0%), reord=0 (0.0%)
                (msec)    min     avg     max     last    dev
          loss period:   0.000   0.000   0.000   0.000   0.000
          jitter     :   0.000   0.468   1.000   0.625   0.211
       TX pt=0, ptime=20, last update:never
          total 168pkt 26.8KB (33.6KB +IP hdr) @avg=63.7Kbps/79.7Kbps
          pkt loss=0 (0.0%), dup=0 (0.0%), reorder=0 (0.0%)
                (msec)    min     avg     max     last    dev 
          loss period:   0.000   0.000   0.000   0.000   0.000
          jitter     :   0.000   0.000   0.000   0.000   0.000
       RTT msec      :   0.000   0.000   0.000   0.000   0.000
17:33:50.625           conference.c  .....Remove port 4 requested
17:33:50.625           conference.c  .....Remove port 4 queued
17:33:50.625   strm00000258BCB1FD48  ....Stream destroying
17:33:50.625    udp00000258BCAFA480  ....UDP media transport detached
17:33:50.625          pjsua_media.c  ....Media stream call00:0 is destroyed
17:33:50.625    udp00000258BCAFA480  ...UDP media transport already stopped
17:33:50.625   srtp00000258BCB04070  ...Destroying SRTP transport
17:33:50.625    udp00000258BCAFA480  ...UDP media transport destroying
17:33:50.625            pjsua_app.c  ..Call 0 is DISCONNECTED [reason=200 (OK)]
17:33:50.625             sip_util.c  ...Request msg BYE/cseq=21497 (tdta00000258BCB27BA0) created.
17:33:50.625    inv00000258BCB0FAF0  ...Sending Request msg BYE/cseq=21497 (tdta00000258BCB27BA0)
17:33:50.625    dlg00000258BCB0FAF0  ....Sending Request msg BYE/cseq=21497 (tdta00000258BCB27BA0)
17:33:50.625    tsx00000258BCB28BB0  .....Transaction created for Request msg BYE/cseq=21497 (tdta00000258BCB27BA0)
17:33:50.625    tsx00000258BCB28BB0  ....Sending Request msg BYE/cseq=21497 (tdta00000258BCB27BA0) in state Null
17:33:50.625          sip_resolve.c  .....Target '192.168.6.121:5060' type=Unspecified resolved to '192.168.6.121:5060' type=UDP (UDP transport)
17:33:50.625             sip_util.c  .....Resorting target addresses based on IPv4 preference
17:33:50.625           pjsua_core.c  .....TX 393 bytes Request msg BYE/cseq=21497 (tdta00000258BCB27BA0) to UDP 192.168.6.121:5060:
BYE sip:121@192.168.6.121:5060 SIP/2.0
Via: SIP/2.0/UDP 140.124.42.67:64882;rport;branch=z9hG4bKPjae440b3c3441470ba14fe87043ed7b1e
Max-Forwards: 70
From: sip:140.124.42.67;tag=4b91f30d379b48fc983e3165bf54bacd
To: sip:121@192.168.6.121;tag=791da891
Call-ID: 1c1a78041c0d457f95503524c1a1d418
CSeq: 21497 BYE
User-Agent: PJSUA/v2.17-dev win32-6.2 x86_64 msvc-19.5.1
Content-Length:  0


--end msg--
17:33:50.625    udp00000258BCAFB920  .....Request msg BYE/cseq=21497 (tdta00000258BCB27BA0) sent successfully
17:33:50.625    tsx00000258BCB28BB0  .....State changed from Null to Calling, event=TX_MSG
17:33:50.625    dlg00000258BCB0FAF0  ......Transaction tsx00000258BCB28BB0 state changed to Calling
17:33:50.640           conference.c !.Stop any transmission to port 4 (sip:121@192.168.6.121:5060)
17:33:50.640           conference.c  .Port 1 (C:\Users\user\Desktop\ip_speaker\logs\_pjsua_volume_testing_reg_121_192_168_6_121_5060.wav) stop transmitting to port 4 (sip:121@192.168.6.121:5060)
17:33:50.640           conference.c  .Stop any transmission from port 4 (sip:121@192.168.6.121:5060)
17:33:50.640           conference.c  .Removing port 4 (sip:121@192.168.6.121:5060)
17:33:50.640           conference.c  .Removed port 4, port count=4
17:33:50.640    udp00000258BCAFA480  .UDP media transport destroyed
17:33:50.640   srtp00000258BCB04070  .SRTP transport destroyed
17:33:50.640   strm00000258BCB1FD48  .JB summary:
  size=50/eff=50 prefetch=0 level=0
  delay (min/max/avg/dev)=0/0/0/0 ms
  burst (min/max/avg/dev)=0/0/0/0 frames
  lost=0 discard=288 empty=0
17:33:50.640   strm00000258BCB1FD48  .Stream destroyed
17:33:50.664         sip_endpoint.c !Processing incoming message: Response msg 200/BYE/cseq=21497 (rdata00000258BCB0CB08)
17:33:50.664           pjsua_core.c  .RX 323 bytes Response msg 200/BYE/cseq=21497 (rdata00000258BCB0CB08) from UDP 192.168.6.121:5060:
SIP/2.0 200 OK
Via: SIP/2.0/UDP 140.124.42.67:64882;rport=64882;received=192.168.6.1;branch=z9hG4bKPjae440b3c3441470ba14fe87043ed7b1e
From: <sip:140.124.42.67>;tag=4b91f30d379b48fc983e3165bf54bacd
To: <sip:121@192.168.6.121>;tag=791da891
Call-ID: 1c1a78041c0d457f95503524c1a1d418
CSeq: 21497 BYE
Content-Length: 0


--end msg--
17:33:50.664    tsx00000258BCB28BB0  .Incoming Response msg 200/BYE/cseq=21497 (rdata00000258BCB0CB08) in state Calling
17:33:50.664    tsx00000258BCB28BB0  ..State changed from Calling to Completed, event=RX_MSG
17:33:50.664    dlg00000258BCB0FAF0  ...Received Response msg 200/BYE/cseq=21497 (rdata00000258BCB0CB08)
17:33:50.664    dlg00000258BCB0FAF0  ...Transaction tsx00000258BCB28BB0 state changed to Completed
17:33:50.664    inv00000258BCB0FAF0  ....State changed from CONFIRMED to DISCONNECTED, event=TSX_STATE
17:33:50.664   tdta00000258BCB24C40  ....Destroying txdata Request msg ACK/cseq=21496 (tdta00000258BCB24C40)
17:33:50.664   tdta00000258BCB18AB0  ....Destroying txdata Request msg INVITE/cseq=21496 (tdta00000258BCB18AB0)
17:33:50.664    dlg00000258BCB0FAF0  .....Session count dec to 1 by mod-invite
17:33:50.746           conference.c !.Remove port 2 requested
17:33:50.746           conference.c  .Remove port 2 queued
17:33:50.746           conference.c  .Remove port 3 requested
17:33:50.746           conference.c  .Remove port 3 queued
17:33:50.746            pjsua_aud.c  Destroying player 0..
17:33:50.746           conference.c  ..Remove port 1 requested
17:33:50.746           conference.c  ..Remove port 1 queued
17:33:50.746           pjsua_core.c  Shutting down, flags=0...
17:33:50.746           pjsua_core.c  PJSUA state changed: RUNNING --> CLOSING
17:33:50.749           pjsua_call.c  .Hangup all calls..
17:33:50.749           pjsua_pres.c  .Shutting down presence..
17:33:50.765           conference.c !.Stop any transmission to port 2 (ringback)
17:33:50.765           conference.c  .Stop any transmission from port 2 (ringback)
17:33:50.765           conference.c  .Removing port 2 (ringback)
17:33:50.765           conference.c  .Removed port 2, port count=3
17:33:50.765           conference.c  .Stop any transmission to port 3 (ring)
17:33:50.765           conference.c  .Stop any transmission from port 3 (ring)
17:33:50.765           conference.c  .Removing port 3 (ring)
17:33:50.765           conference.c  .Removed port 3, port count=2
17:33:50.765           conference.c  .Stop any transmission to port 1 (C:\Users\user\Desktop\ip_speaker\logs\_pjsua_volume_testing_reg_121_192_168_6_121_5060.wav)
17:33:50.765           conference.c  .Stop any transmission from port 1 (C:\Users\user\Desktop\ip_speaker\logs\_pjsua_volume_testing_reg_121_192_168_6_121_5060.wav)
17:33:50.765           conference.c  .Removing port 1 (C:\Users\user\Desktop\ip_speaker\logs\_pjsua_volume_testing_reg_121_192_168_6_121_5060.wav)
17:33:50.765           conference.c  .Removed port 1, port count=1
17:33:51.625            pjsua_aud.c !.Closing sound device after idle for 1 second(s)
17:33:51.625            pjsua_app.c  ..Turning sound device -99 -99 OFF
17:33:51.625            pjsua_aud.c  ..Closing null sound device..
17:33:51.763           pjsua_core.c  .Destroying...
17:33:51.763        sip_transport.c  .Transport udp00000258BCAFB920 shutting down, force=0
17:33:51.763          pjsua_media.c  .Shutting down media..
17:33:51.779           conference.c  ..Audio conference bridge destroy requested
17:33:51.779           conference.c  ...Stop any transmission to port 0 (Master/sound)
17:33:51.779           conference.c  ...Stop any transmission from port 0 (Master/sound)
17:33:51.779           conference.c  ...Removing port 0 (Master/sound)
17:33:51.779           conference.c  ...Removed port 0, port count=0
17:33:51.779           conference.c  ..Audio conference bridge destroyed
17:33:51.779            pjsua_vid.c  ..Destroying video subsystem..
17:33:51.779            pjsua_vid.c  ...Window 0: destroying..
17:33:51.779            pjsua_vid.c  ...Window 1: destroying..
17:33:51.779            pjsua_vid.c  ...Window 2: destroying..
17:33:51.779            pjsua_vid.c  ...Window 3: destroying..
17:33:51.779            pjsua_vid.c  ...Window 4: destroying..
17:33:51.779            pjsua_vid.c  ...Window 5: destroying..
17:33:51.779            pjsua_vid.c  ...Window 6: destroying..
17:33:51.779            pjsua_vid.c  ...Window 7: destroying..
17:33:51.779            pjsua_vid.c  ...Window 8: destroying..
17:33:51.779            pjsua_vid.c  ...Window 9: destroying..
17:33:51.779            pjsua_vid.c  ...Window 10: destroying..
17:33:51.779            pjsua_vid.c  ...Window 11: destroying..
17:33:51.779            pjsua_vid.c  ...Window 12: destroying..
17:33:51.779            pjsua_vid.c  ...Window 13: destroying..
17:33:51.779            pjsua_vid.c  ...Window 14: destroying..
17:33:51.779            pjsua_vid.c  ...Window 15: destroying..
17:33:51.779             vid_conf.c  ...Video conference bridge destroy requested
17:33:51.779             vid_conf.c  ...Video conference bridge destroyed
17:33:51.779         sip_endpoint.c  .Destroying endpoint instance..
17:33:51.779      sip_transaction.c  .Stopping transaction layer module
17:33:51.779    tsx00000258BCB28BB0  .Request to terminate transaction
17:33:51.779    tsx00000258BCB28BB0  ..State changed from Completed to Terminated, event=USER
17:33:51.779    dlg00000258BCB0FAF0  ...Transaction tsx00000258BCB28BB0 state changed to Terminated
17:33:51.779   tdta00000258BCB27BA0  .Destroying txdata Request msg BYE/cseq=21497 (tdta00000258BCB27BA0)
17:33:51.779    tsx00000258BCB28BB0  .Transaction destroyed!
17:33:51.779    dlg00000258BCB0FAF0  .Dialog destroyed!
17:33:51.779      sip_transaction.c  .Stopped transaction layer module
17:33:51.779         sip_endpoint.c  .Module "mod-default-handler" unregistered
17:33:51.779         sip_endpoint.c  .Module "mod-pjsua-options" unregistered
17:33:51.779         sip_endpoint.c  .Module "mod-pjsua-im" unregistered
17:33:51.779         sip_endpoint.c  .Module "mod-unsolicited-mwi" unregistered
17:33:51.779         sip_endpoint.c  .Module "mod-pjsua-pres" unregistered
17:33:51.779         sip_endpoint.c  .Module "mod-pjsua" unregistered
17:33:51.779         sip_endpoint.c  .Module "mod-stateful-util" unregistered
17:33:51.779         sip_endpoint.c  .Module "mod-refer" unregistered
17:33:51.779         sip_endpoint.c  .Module "mod-mwi" unregistered
17:33:51.779         sip_endpoint.c  .Module "mod-dlg_even" unregistered
17:33:51.779         sip_endpoint.c  .Module "mod-presence" unregistered
17:33:51.779         sip_endpoint.c  .Module "mod-evsub" unregistered
17:33:51.779         sip_endpoint.c  .Module "mod-invite" unregistered
17:33:51.779         sip_endpoint.c  .Module "mod-100rel" unregistered
17:33:51.779         sip_endpoint.c  .Module "mod-ua" unregistered
17:33:51.779      sip_transaction.c  .Transaction layer module destroyed
17:33:51.779         sip_endpoint.c  .Module "mod-tsx-layer" unregistered
17:33:51.779         sip_endpoint.c  .Module "mod-msg-print" unregistered
17:33:51.779         sip_endpoint.c  .Module "mod-pjsua-log" unregistered
17:33:51.779        sip_transport.c  .Destroying transport manager
17:33:51.795    udp00000258BCAFB920  .SIP UDP transport destroyed
17:33:51.795                timer.c  .Dumping timer heap:
17:33:51.795                timer.c  .  Cur size: 0 entries, max: 3070
17:33:51.795         sip_endpoint.c  .Endpoint 00000258BAD58210 destroyed
17:33:51.795           pjsua_core.c  .PJSUA state changed: CLOSING --> NULL
17:33:51.795           pjsua_core.c  .PJSUA destroyed...
